<html>
<body>
<pre>
<h1>µVision Build Log</h1>
<h2>Tool Versions:</h2>
IDE-Version: µVision V5.31.0.0
Copyright (C) 2020 ARM Ltd and ARM Germany GmbH. All rights reserved.
License Information: Yongye Zhu, The University of Texas at Austin, LIC=----
 
Tool Versions:
Toolchain:       MDK-Lite  Version: 5.31.0.0
Toolchain Path:  C:\Keil_v5\ARM\ARMCC\Bin
C Compiler:      Armcc.exe V5.06 update 6 (build 750)
Assembler:       Armasm.exe V5.06 update 6 (build 750)
Linker/Locator:  ArmLink.exe V5.06 update 6 (build 750)
Library Manager: ArmAr.exe V5.06 update 6 (build 750)
Hex Converter:   FromElf.exe V5.06 update 6 (build 750)
CPU DLL:         SARMCM3.DLL V5.31.0.0
Dialog DLL:      DCM.DLL V1.17.3.0
Target DLL:      lmidk-agdi.dll V???
Dialog DLL:      TCM.DLL V1.46.0.0
 
<h2>Project:</h2>
C:\Keil_v5\SW-Drivers\TM4C\TM4C_drivers.uvprojx
Project File Date:  11/21/2020

<h2>Output:</h2>
*** Using Compiler 'V5.06 update 6 (build 750)', folder: 'C:\Keil_v5\ARM\ARMCC\Bin'
Rebuild target 'TM4C_drivers'
assembling startup.s...
compiling main.c...
./BGLib/sl_bt_types.h(2811): warning:  #1-D: last line of file ends without a newline
  #endif
./BGLib/sl_bt_api.h(139): warning:  #1295-D: Deprecated declaration sl_bt_dfu_flash_upload_finish - give arg types
  sl_status_t sl_bt_dfu_flash_upload_finish();
./BGLib/sl_bt_api.h(162): warning:  #1295-D: Deprecated declaration sl_bt_system_hello - give arg types
  sl_status_t sl_bt_system_hello();
./BGLib/sl_bt_api.h(361): warning:  #1295-D: Deprecated declaration sl_bt_system_data_buffer_clear - give arg types
  sl_status_t sl_bt_system_data_buffer_clear();
./BGLib/sl_bt_api.h(1225): warning:  #1295-D: Deprecated declaration sl_bt_scanner_stop - give arg types
  sl_status_t sl_bt_scanner_stop();
./BGLib/sl_bt_api.h(2656): warning:  #1295-D: Deprecated declaration sl_bt_nvm_erase_all - give arg types
  sl_status_t sl_bt_nvm_erase_all();
./BGLib/sl_bt_api.h(2778): warning:  #1295-D: Deprecated declaration sl_bt_test_dtm_end - give arg types
  sl_status_t sl_bt_test_dtm_end();
./BGLib/sl_bt_api.h(2892): warning:  #1295-D: Deprecated declaration sl_bt_sm_set_debug_mode - give arg types
  sl_status_t sl_bt_sm_set_debug_mode();
./BGLib/sl_bt_api.h(3115): warning:  #1295-D: Deprecated declaration sl_bt_sm_list_all_bondings - give arg types
  sl_status_t sl_bt_sm_list_all_bondings();
./BGLib/sl_bt_api.h(3136): warning:  #1295-D: Deprecated declaration sl_bt_sm_delete_bondings - give arg types
  sl_status_t sl_bt_sm_delete_bondings();
./BGLib/sl_bt_api.h(3544): warning:  #1295-D: Deprecated declaration sl_bt_cte_transmitter_clear_dtm_parameters - give arg types
  sl_status_t sl_bt_cte_transmitter_clear_dtm_parameters();
./BGLib/sl_bt_api.h(3733): warning:  #1295-D: Deprecated declaration sl_bt_cte_receiver_clear_dtm_parameters - give arg types
  sl_status_t sl_bt_cte_receiver_clear_dtm_parameters();
./BGLib/sl_bt_api.h(3912): warning:  #1295-D: Deprecated declaration sl_bt_cte_receiver_disable_silabs_cte - give arg types
  sl_status_t sl_bt_cte_receiver_disable_silabs_cte();
./BGLib/sl_bt_api.h(3997): warning:  #1295-D: Deprecated declaration sl_bt_event_pending_len - give arg types
  uint32_t sl_bt_event_pending_len();
./BGLib/sl_bt_api.h(4013): warning:  #1295-D: Deprecated declaration sli_bt_get_command_response - give arg types
  extern void* sli_bt_get_command_response();
./BGLib/sl_bt_api.h(4062): warning:  #1295-D: Deprecated declaration sl_bt_send_system_awake - give arg types
  void sl_bt_send_system_awake();
./BGLib/sl_bt_api.h(4103): warning:  #1-D: last line of file ends without a newline
  #endif
./BGLib/sl_bt_ncp_host.h(129): warning:  #1295-D: Deprecated declaration sl_bt_host_handle_command - give arg types
  void sl_bt_host_handle_command();
./BGLib/sl_bt_ncp_host.h(130): warning:  #1295-D: Deprecated declaration sl_bt_host_handle_command_noresponse - give arg types
  void sl_bt_host_handle_command_noresponse();
main.c(36): warning:  #177-D: variable "input"  was declared but never referenced
  	char input[256];
main.c: 20 warnings, 0 errors
compiling sl_bt_ncp_host.c...
BGLib\sl_bt_types.h(2811): warning:  #1-D: last line of file ends without a newline
  #endif
BGLib\sl_bt_api.h(139): warning:  #1295-D: Deprecated declaration sl_bt_dfu_flash_upload_finish - give arg types
  sl_status_t sl_bt_dfu_flash_upload_finish();
BGLib\sl_bt_api.h(162): warning:  #1295-D: Deprecated declaration sl_bt_system_hello - give arg types
  sl_status_t sl_bt_system_hello();
BGLib\sl_bt_api.h(361): warning:  #1295-D: Deprecated declaration sl_bt_system_data_buffer_clear - give arg types
  sl_status_t sl_bt_system_data_buffer_clear();
BGLib\sl_bt_api.h(1225): warning:  #1295-D: Deprecated declaration sl_bt_scanner_stop - give arg types
  sl_status_t sl_bt_scanner_stop();
BGLib\sl_bt_api.h(2656): warning:  #1295-D: Deprecated declaration sl_bt_nvm_erase_all - give arg types
  sl_status_t sl_bt_nvm_erase_all();
BGLib\sl_bt_api.h(2778): warning:  #1295-D: Deprecated declaration sl_bt_test_dtm_end - give arg types
  sl_status_t sl_bt_test_dtm_end();
BGLib\sl_bt_api.h(2892): warning:  #1295-D: Deprecated declaration sl_bt_sm_set_debug_mode - give arg types
  sl_status_t sl_bt_sm_set_debug_mode();
BGLib\sl_bt_api.h(3115): warning:  #1295-D: Deprecated declaration sl_bt_sm_list_all_bondings - give arg types
  sl_status_t sl_bt_sm_list_all_bondings();
BGLib\sl_bt_api.h(3136): warning:  #1295-D: Deprecated declaration sl_bt_sm_delete_bondings - give arg types
  sl_status_t sl_bt_sm_delete_bondings();
BGLib\sl_bt_api.h(3544): warning:  #1295-D: Deprecated declaration sl_bt_cte_transmitter_clear_dtm_parameters - give arg types
  sl_status_t sl_bt_cte_transmitter_clear_dtm_parameters();
BGLib\sl_bt_api.h(3733): warning:  #1295-D: Deprecated declaration sl_bt_cte_receiver_clear_dtm_parameters - give arg types
  sl_status_t sl_bt_cte_receiver_clear_dtm_parameters();
BGLib\sl_bt_api.h(3912): warning:  #1295-D: Deprecated declaration sl_bt_cte_receiver_disable_silabs_cte - give arg types
  sl_status_t sl_bt_cte_receiver_disable_silabs_cte();
BGLib\sl_bt_api.h(3997): warning:  #1295-D: Deprecated declaration sl_bt_event_pending_len - give arg types
  uint32_t sl_bt_event_pending_len();
BGLib\sl_bt_api.h(4013): warning:  #1295-D: Deprecated declaration sli_bt_get_command_response - give arg types
  extern void* sli_bt_get_command_response();
BGLib\sl_bt_api.h(4062): warning:  #1295-D: Deprecated declaration sl_bt_send_system_awake - give arg types
  void sl_bt_send_system_awake();
BGLib\sl_bt_api.h(4103): warning:  #1-D: last line of file ends without a newline
  #endif
BGLib\sl_bt_ncp_host.h(129): warning:  #1295-D: Deprecated declaration sl_bt_host_handle_command - give arg types
  void sl_bt_host_handle_command();
BGLib\sl_bt_ncp_host.h(130): warning:  #1295-D: Deprecated declaration sl_bt_host_handle_command_noresponse - give arg types
  void sl_bt_host_handle_command_noresponse();
BGLib\sl_bt_ncp_host.c(109): warning:  #1293-D: assignment in condition
      if ( (p = sl_bt_wait_message()) ) {
BGLib\sl_bt_ncp_host.c: 20 warnings, 0 errors
compiling UART1int.c...
compiling PLL.c...
compiling Switch.c...
compiling Display.c...
compiling BLEHandler.c...
./BGLib/sl_bt_types.h(2811): warning:  #1-D: last line of file ends without a newline
  #endif
./BGLib/sl_bt_api.h(139): warning:  #1295-D: Deprecated declaration sl_bt_dfu_flash_upload_finish - give arg types
  sl_status_t sl_bt_dfu_flash_upload_finish();
./BGLib/sl_bt_api.h(162): warning:  #1295-D: Deprecated declaration sl_bt_system_hello - give arg types
  sl_status_t sl_bt_system_hello();
./BGLib/sl_bt_api.h(361): warning:  #1295-D: Deprecated declaration sl_bt_system_data_buffer_clear - give arg types
  sl_status_t sl_bt_system_data_buffer_clear();
./BGLib/sl_bt_api.h(1225): warning:  #1295-D: Deprecated declaration sl_bt_scanner_stop - give arg types
  sl_status_t sl_bt_scanner_stop();
./BGLib/sl_bt_api.h(2656): warning:  #1295-D: Deprecated declaration sl_bt_nvm_erase_all - give arg types
  sl_status_t sl_bt_nvm_erase_all();
./BGLib/sl_bt_api.h(2778): warning:  #1295-D: Deprecated declaration sl_bt_test_dtm_end - give arg types
  sl_status_t sl_bt_test_dtm_end();
./BGLib/sl_bt_api.h(2892): warning:  #1295-D: Deprecated declaration sl_bt_sm_set_debug_mode - give arg types
  sl_status_t sl_bt_sm_set_debug_mode();
./BGLib/sl_bt_api.h(3115): warning:  #1295-D: Deprecated declaration sl_bt_sm_list_all_bondings - give arg types
  sl_status_t sl_bt_sm_list_all_bondings();
./BGLib/sl_bt_api.h(3136): warning:  #1295-D: Deprecated declaration sl_bt_sm_delete_bondings - give arg types
  sl_status_t sl_bt_sm_delete_bondings();
./BGLib/sl_bt_api.h(3544): warning:  #1295-D: Deprecated declaration sl_bt_cte_transmitter_clear_dtm_parameters - give arg types
  sl_status_t sl_bt_cte_transmitter_clear_dtm_parameters();
./BGLib/sl_bt_api.h(3733): warning:  #1295-D: Deprecated declaration sl_bt_cte_receiver_clear_dtm_parameters - give arg types
  sl_status_t sl_bt_cte_receiver_clear_dtm_parameters();
./BGLib/sl_bt_api.h(3912): warning:  #1295-D: Deprecated declaration sl_bt_cte_receiver_disable_silabs_cte - give arg types
  sl_status_t sl_bt_cte_receiver_disable_silabs_cte();
./BGLib/sl_bt_api.h(3997): warning:  #1295-D: Deprecated declaration sl_bt_event_pending_len - give arg types
  uint32_t sl_bt_event_pending_len();
./BGLib/sl_bt_api.h(4013): warning:  #1295-D: Deprecated declaration sli_bt_get_command_response - give arg types
  extern void* sli_bt_get_command_response();
./BGLib/sl_bt_api.h(4062): warning:  #1295-D: Deprecated declaration sl_bt_send_system_awake - give arg types
  void sl_bt_send_system_awake();
./BGLib/sl_bt_api.h(4103): warning:  #1-D: last line of file ends without a newline
  #endif
./BGLib/sl_bt_ncp_host.h(129): warning:  #1295-D: Deprecated declaration sl_bt_host_handle_command - give arg types
  void sl_bt_host_handle_command();
./BGLib/sl_bt_ncp_host.h(130): warning:  #1295-D: Deprecated declaration sl_bt_host_handle_command_noresponse - give arg types
  void sl_bt_host_handle_command_noresponse();
BLEHandler.c(174): warning:  #177-D: variable "system_id"  was declared but never referenced
  	uint8_t system_id[8];
BLEHandler.c(368): warning:  #223-D: function "UART1_InStatus" declared implicitly
  	return (int32_t)UART1_InStatus();
BLEHandler.c(367): warning:  #177-D: function "uartRxPeek"  was declared but never referenced
  static int32_t uartRxPeek(void){
BLEHandler.c(71): warning:  #177-D: function "sendContacts"  was declared but never referenced
  static void sendContacts() {
BLEHandler.c(136): warning:  #177-D: function "existingContact"  was declared but never referenced
  static bool existingContact(char* name){
BLEHandler.c: 24 warnings, 0 errors
compiling ST7735.c...
compiling sl_bt_ncp_host_api.c...
BGLib\sl_bt_types.h(2811): warning:  #1-D: last line of file ends without a newline
  #endif
BGLib\sl_bt_api.h(139): warning:  #1295-D: Deprecated declaration sl_bt_dfu_flash_upload_finish - give arg types
  sl_status_t sl_bt_dfu_flash_upload_finish();
BGLib\sl_bt_api.h(162): warning:  #1295-D: Deprecated declaration sl_bt_system_hello - give arg types
  sl_status_t sl_bt_system_hello();
BGLib\sl_bt_api.h(361): warning:  #1295-D: Deprecated declaration sl_bt_system_data_buffer_clear - give arg types
  sl_status_t sl_bt_system_data_buffer_clear();
BGLib\sl_bt_api.h(1225): warning:  #1295-D: Deprecated declaration sl_bt_scanner_stop - give arg types
  sl_status_t sl_bt_scanner_stop();
BGLib\sl_bt_api.h(2656): warning:  #1295-D: Deprecated declaration sl_bt_nvm_erase_all - give arg types
  sl_status_t sl_bt_nvm_erase_all();
BGLib\sl_bt_api.h(2778): warning:  #1295-D: Deprecated declaration sl_bt_test_dtm_end - give arg types
  sl_status_t sl_bt_test_dtm_end();
BGLib\sl_bt_api.h(2892): warning:  #1295-D: Deprecated declaration sl_bt_sm_set_debug_mode - give arg types
  sl_status_t sl_bt_sm_set_debug_mode();
BGLib\sl_bt_api.h(3115): warning:  #1295-D: Deprecated declaration sl_bt_sm_list_all_bondings - give arg types
  sl_status_t sl_bt_sm_list_all_bondings();
BGLib\sl_bt_api.h(3136): warning:  #1295-D: Deprecated declaration sl_bt_sm_delete_bondings - give arg types
  sl_status_t sl_bt_sm_delete_bondings();
BGLib\sl_bt_api.h(3544): warning:  #1295-D: Deprecated declaration sl_bt_cte_transmitter_clear_dtm_parameters - give arg types
  sl_status_t sl_bt_cte_transmitter_clear_dtm_parameters();
BGLib\sl_bt_api.h(3733): warning:  #1295-D: Deprecated declaration sl_bt_cte_receiver_clear_dtm_parameters - give arg types
  sl_status_t sl_bt_cte_receiver_clear_dtm_parameters();
BGLib\sl_bt_api.h(3912): warning:  #1295-D: Deprecated declaration sl_bt_cte_receiver_disable_silabs_cte - give arg types
  sl_status_t sl_bt_cte_receiver_disable_silabs_cte();
BGLib\sl_bt_api.h(3997): warning:  #1295-D: Deprecated declaration sl_bt_event_pending_len - give arg types
  uint32_t sl_bt_event_pending_len();
BGLib\sl_bt_api.h(4013): warning:  #1295-D: Deprecated declaration sli_bt_get_command_response - give arg types
  extern void* sli_bt_get_command_response();
BGLib\sl_bt_api.h(4062): warning:  #1295-D: Deprecated declaration sl_bt_send_system_awake - give arg types
  void sl_bt_send_system_awake();
BGLib\sl_bt_api.h(4103): warning:  #1-D: last line of file ends without a newline
  #endif
BGLib\sli_bt_api.h(2691): warning:  #1-D: last line of file ends without a newline
  #endif
BGLib\sl_bt_ncp_host_api.c(20): warning:  #1295-D: Deprecated declaration sl_bt_host_handle_command - give arg types
  void sl_bt_host_handle_command();
BGLib\sl_bt_ncp_host_api.c(21): warning:  #1295-D: Deprecated declaration sl_bt_host_handle_command_noresponse - give arg types
  void sl_bt_host_handle_command_noresponse();
BGLib\sl_bt_ncp_host_api.c: 20 warnings, 0 errors
linking...
Program Size: Code=7992 RO-data=2204 RW-data=260 ZI-data=18012  
".\TM4C_drivers.axf" - 0 Error(s), 84 Warning(s).

<h2>Software Packages used:</h2>

Package Vendor: ARM
                http://www.keil.com/pack/ARM.CMSIS.5.7.0.pack
                ARM.CMSIS.5.7.0
                CMSIS (Cortex Microcontroller Software Interface Standard)
   * Component: CORE Version: 5.4.0

Package Vendor: Keil
                http://www.keil.com/pack/Keil.TM4C_DFP.1.1.0.pack
                Keil.TM4C_DFP.1.1.0
                Texas Instruments Tiva C Series Device Support and Examples

<h2>Collection of Component include folders:</h2>
  .\RTE\_TM4C_drivers
  C:\Users\Yongye Zhu\AppData\Local\Arm\Packs\ARM\CMSIS\5.7.0\CMSIS\Core\Include
  C:\Users\Yongye Zhu\AppData\Local\Arm\Packs\Keil\TM4C_DFP\1.1.0\Device\Include\TM4C123

<h2>Collection of Component Files used:</h2>

   * Component: ARM::CMSIS:CORE:5.4.0
Build Time Elapsed:  00:00:02
</pre>
</body>
</html>
