Component: ARM Compiler 5.06 update 6 (build 750) Tool: armlink [4d35ed]

==============================================================================

Section Cross References

    startup.o(STACK) refers (Special) to heapauxi.o(.text) for __use_two_region_memory
    startup.o(HEAP) refers (Special) to heapauxi.o(.text) for __use_two_region_memory
    startup.o(RESET) refers (Special) to heapauxi.o(.text) for __use_two_region_memory
    startup.o(RESET) refers to startup.o(STACK) for StackMem
    startup.o(RESET) refers to uart1int.o(i.UART1_Handler) for UART1_Handler
    startup.o(RESET) refers to switch.o(i.Timer0A_Handler) for Timer0A_Handler
    startup.o(RESET) refers to switch.o(i.GPIOPortF_Handler) for GPIOPortF_Handler
    startup.o(RESET) refers to __main.o(!!!main) for __main
    startup.o(.text) refers (Special) to heapauxi.o(.text) for __use_two_region_memory
    startup.o(.text) refers to startup.o(HEAP) for HeapMem
    startup.o(.text) refers to startup.o(STACK) for StackMem
    main.o(i.FakeMessage) refers to rt_memcpy_w.o(.text) for __aeabi_memcpy4
    main.o(i.FakeMessage) refers to uart1int.o(i.UART1_OutString) for UART1_OutString
    main.o(i.main) refers to startup.o(.text) for DisableInterrupts
    main.o(i.main) refers to pll.o(i.PLL_Init) for PLL_Init
    main.o(i.main) refers to display.o(i.Display_Init) for Display_Init
    main.o(i.main) refers to blehandler.o(i.BLEHandler_Init) for BLEHandler_Init
    main.o(i.main) refers to blehandler.o(i.BLEHandler_Main_Loop) for BLEHandler_Main_Loop
    switch.o(i.GPIOPortF_Handler) refers to switch.o(i.Timer0Arm) for Timer0Arm
    switch.o(i.GPIOPortF_Handler) refers to switch.o(.data) for SW1_Event
    switch.o(i.Switch_Init) refers to switch.o(i.GPIOArm) for GPIOArm
    switch.o(i.Switch_Init) refers to switch.o(.data) for SW1_Event
    switch.o(i.Timer0A_Handler) refers to switch.o(i.GPIOArm) for GPIOArm
    blehandler.o(i.BLEHandler_Init) refers to uart1int.o(i.UART1_Init) for UART1_Init
    blehandler.o(i.BLEHandler_Init) refers to st7735.o(i.ST7735_OutString) for ST7735_OutString
    blehandler.o(i.BLEHandler_Init) refers to blehandler.o(i.uart_tx_wrapper) for uart_tx_wrapper
    blehandler.o(i.BLEHandler_Init) refers to blehandler.o(.data) for sl_bt_api_output
    blehandler.o(i.BLEHandler_Init) refers to blehandler.o(i.uartRx) for uartRx
    blehandler.o(i.BLEHandler_Init) refers to blehandler.o(i.uartRxPeek) for uartRxPeek
    blehandler.o(i.BLEHandler_Main_Loop) refers to sl_bt_ncp_host.o(i.sl_bt_pop_event) for sl_bt_pop_event
    blehandler.o(i.BLEHandler_Main_Loop) refers to blehandler.o(i.sl_bt_on_event) for sl_bt_on_event
    blehandler.o(i.BLESwitch_Advertisement) refers to uart1int.o(i.UART1_OutString) for UART1_OutString
    blehandler.o(i.BLESwitch_Advertisement) refers to blehandler.o(.constdata) for .constdata
    blehandler.o(i.addContact) refers to strcpy.o(.text) for strcpy
    blehandler.o(i.addContact) refers to blehandler.o(.data) for CurContactIdx
    blehandler.o(i.addContact) refers to blehandler.o(.bss) for Contacts
    blehandler.o(i.existingContact) refers to strcmpv7m.o(.text) for strcmp
    blehandler.o(i.existingContact) refers to blehandler.o(.bss) for Contacts
    blehandler.o(i.parseData) refers to _printf_percent.o(.ARM.Collect$$_printf_percent$$00000000) for _printf_percent
    blehandler.o(i.parseData) refers to _printf_d.o(.ARM.Collect$$_printf_percent$$00000009) for _printf_d
    blehandler.o(i.parseData) refers to _printf_c.o(.ARM.Collect$$_printf_percent$$00000013) for _printf_c
    blehandler.o(i.parseData) refers to _printf_dec.o(.text) for _printf_int_dec
    blehandler.o(i.parseData) refers to _printf_str.o(.text) for _printf_str
    blehandler.o(i.parseData) refers to noretval__2sprintf.o(.text) for __2sprintf
    blehandler.o(i.parseData) refers to strcpy.o(.text) for strcpy
    blehandler.o(i.sendContacts) refers to uart1int.o(i.UART1_OutString) for UART1_OutString
    blehandler.o(i.sendContacts) refers to blehandler.o(.bss) for Contacts
    blehandler.o(i.sendContacts) refers to blehandler.o(.data) for CurContactIdx
    blehandler.o(i.sl_bt_on_event) refers to _printf_percent.o(.ARM.Collect$$_printf_percent$$00000000) for _printf_percent
    blehandler.o(i.sl_bt_on_event) refers to _printf_d.o(.ARM.Collect$$_printf_percent$$00000009) for _printf_d
    blehandler.o(i.sl_bt_on_event) refers to _printf_dec.o(.text) for _printf_int_dec
    blehandler.o(i.sl_bt_on_event) refers to _printf_pad.o(.text) for _printf_pre_padding
    blehandler.o(i.sl_bt_on_event) refers to _printf_x.o(.ARM.Collect$$_printf_percent$$0000000C) for _printf_x
    blehandler.o(i.sl_bt_on_event) refers to _printf_s.o(.ARM.Collect$$_printf_percent$$00000014) for _printf_s
    blehandler.o(i.sl_bt_on_event) refers to _printf_hex_int.o(.text) for _printf_longlong_hex
    blehandler.o(i.sl_bt_on_event) refers to _printf_str.o(.text) for _printf_str
[...]
    Removing sl_bt_ncp_host_api.o(i.sl_bt_cte_receiver_enable_connection_cte), (104 bytes).
    Removing sl_bt_ncp_host_api.o(i.sl_bt_cte_receiver_enable_connectionless_cte), (92 bytes).
    Removing sl_bt_ncp_host_api.o(i.sl_bt_cte_receiver_enable_silabs_cte), (84 bytes).
    Removing sl_bt_ncp_host_api.o(i.sl_bt_cte_receiver_set_dtm_parameters), (92 bytes).
    Removing sl_bt_ncp_host_api.o(i.sl_bt_cte_receiver_set_sync_cte_type), (40 bytes).
    Removing sl_bt_ncp_host_api.o(i.sl_bt_cte_transmitter_clear_dtm_parameters), (36 bytes).
    Removing sl_bt_ncp_host_api.o(i.sl_bt_cte_transmitter_disable_connection_cte), (40 bytes).
    Removing sl_bt_ncp_host_api.o(i.sl_bt_cte_transmitter_disable_connectionless_cte), (40 bytes).
    Removing sl_bt_ncp_host_api.o(i.sl_bt_cte_transmitter_disable_silabs_cte), (40 bytes).
    Removing sl_bt_ncp_host_api.o(i.sl_bt_cte_transmitter_enable_connection_cte), (84 bytes).
    Removing sl_bt_ncp_host_api.o(i.sl_bt_cte_transmitter_enable_connectionless_cte), (96 bytes).
    Removing sl_bt_ncp_host_api.o(i.sl_bt_cte_transmitter_enable_silabs_cte), (96 bytes).
    Removing sl_bt_ncp_host_api.o(i.sl_bt_cte_transmitter_set_dtm_parameters), (84 bytes).
    Removing sl_bt_ncp_host_api.o(i.sl_bt_dfu_flash_set_address), (40 bytes).
    Removing sl_bt_ncp_host_api.o(i.sl_bt_dfu_flash_upload), (72 bytes).
    Removing sl_bt_ncp_host_api.o(i.sl_bt_dfu_flash_upload_finish), (36 bytes).
    Removing sl_bt_ncp_host_api.o(i.sl_bt_dfu_reset), (28 bytes).
    Removing sl_bt_ncp_host_api.o(i.sl_bt_gap_enable_whitelisting), (40 bytes).
    Removing sl_bt_ncp_host_api.o(i.sl_bt_gap_set_data_channel_classification), (72 bytes).
    Removing sl_bt_ncp_host_api.o(i.sl_bt_gap_set_privacy_mode), (48 bytes).
    Removing sl_bt_ncp_host_api.o(i.sl_bt_gatt_discover_characteristics), (48 bytes).
    Removing sl_bt_ncp_host_api.o(i.sl_bt_gatt_discover_characteristics_by_uuid), (88 bytes).
    Removing sl_bt_ncp_host_api.o(i.sl_bt_gatt_discover_descriptors), (52 bytes).
    Removing sl_bt_ncp_host_api.o(i.sl_bt_gatt_discover_primary_services), (40 bytes).
    Removing sl_bt_ncp_host_api.o(i.sl_bt_gatt_discover_primary_services_by_uuid), (80 bytes).
    Removing sl_bt_ncp_host_api.o(i.sl_bt_gatt_execute_characteristic_value_write), (48 bytes).
    Removing sl_bt_ncp_host_api.o(i.sl_bt_gatt_find_included_services), (48 bytes).
    Removing sl_bt_ncp_host_api.o(i.sl_bt_gatt_prepare_characteristic_value_reliable_write), (104 bytes).
    Removing sl_bt_ncp_host_api.o(i.sl_bt_gatt_prepare_characteristic_value_write), (104 bytes).
    Removing sl_bt_ncp_host_api.o(i.sl_bt_gatt_read_characteristic_value), (52 bytes).
    Removing sl_bt_ncp_host_api.o(i.sl_bt_gatt_read_characteristic_value_by_uuid), (88 bytes).
    Removing sl_bt_ncp_host_api.o(i.sl_bt_gatt_read_characteristic_value_from_offset), (68 bytes).
    Removing sl_bt_ncp_host_api.o(i.sl_bt_gatt_read_descriptor_value), (52 bytes).
    Removing sl_bt_ncp_host_api.o(i.sl_bt_gatt_read_multiple_characteristic_values), (80 bytes).
    Removing sl_bt_ncp_host_api.o(i.sl_bt_gatt_send_characteristic_confirmation), (40 bytes).
    Removing sl_bt_ncp_host_api.o(i.sl_bt_gatt_server_disable_capabilities), (40 bytes).
    Removing sl_bt_ncp_host_api.o(i.sl_bt_gatt_server_enable_capabilities), (40 bytes).
    Removing sl_bt_ncp_host_api.o(i.sl_bt_gatt_server_find_attribute), (88 bytes).
    Removing sl_bt_ncp_host_api.o(i.sl_bt_gatt_server_get_enabled_capabilities), (44 bytes).
    Removing sl_bt_ncp_host_api.o(i.sl_bt_gatt_server_get_mtu), (48 bytes).
    Removing sl_bt_ncp_host_api.o(i.sl_bt_gatt_server_read_attribute_type), (76 bytes).
    Removing sl_bt_ncp_host_api.o(i.sl_bt_gatt_server_read_attribute_value), (80 bytes).
    Removing sl_bt_ncp_host_api.o(i.sl_bt_gatt_server_send_characteristic_notification), (100 bytes).
    Removing sl_bt_ncp_host_api.o(i.sl_bt_gatt_server_send_user_read_response), (104 bytes).
    Removing sl_bt_ncp_host_api.o(i.sl_bt_gatt_server_send_user_write_response), (60 bytes).
    Removing sl_bt_ncp_host_api.o(i.sl_bt_gatt_server_set_capabilities), (48 bytes).
    Removing sl_bt_ncp_host_api.o(i.sl_bt_gatt_server_set_max_mtu), (48 bytes).
    Removing sl_bt_ncp_host_api.o(i.sl_bt_gatt_server_write_attribute_value), (84 bytes).
    Removing sl_bt_ncp_host_api.o(i.sl_bt_gatt_set_characteristic_notification), (60 bytes).
    Removing sl_bt_ncp_host_api.o(i.sl_bt_gatt_set_max_mtu), (48 bytes).
    Removing sl_bt_ncp_host_api.o(i.sl_bt_gatt_write_characteristic_value), (88 bytes).
    Removing sl_bt_ncp_host_api.o(i.sl_bt_gatt_write_characteristic_value_without_response), (100 bytes).
    Removing sl_bt_ncp_host_api.o(i.sl_bt_gatt_write_descriptor_value), (88 bytes).
    Removing sl_bt_ncp_host_api.o(i.sl_bt_l2cap_coc_send_connection_request), (76 bytes).
    Removing sl_bt_ncp_host_api.o(i.sl_bt_l2cap_coc_send_connection_response), (80 bytes).
    Removing sl_bt_ncp_host_api.o(i.sl_bt_l2cap_coc_send_data), (88 bytes).
    Removing sl_bt_ncp_host_api.o(i.sl_bt_l2cap_coc_send_disconnection_request), (52 bytes).
    Removing sl_bt_ncp_host_api.o(i.sl_bt_l2cap_coc_send_le_flow_control_credit), (60 bytes).
    Removing sl_bt_ncp_host_api.o(i.sl_bt_nvm_erase), (40 bytes).
    Removing sl_bt_ncp_host_api.o(i.sl_bt_nvm_erase_all), (36 bytes).
    Removing sl_bt_ncp_host_api.o(i.sl_bt_nvm_load), (76 bytes).
    Removing sl_bt_ncp_host_api.o(i.sl_bt_nvm_save), (80 bytes).
    Removing sl_bt_ncp_host_api.o(i.sl_bt_ota_set_advertising_data), (80 bytes).
    Removing sl_bt_ncp_host_api.o(i.sl_bt_ota_set_configuration), (40 bytes).
    Removing sl_bt_ncp_host_api.o(i.sl_bt_ota_set_device_name), (72 bytes).
    Removing sl_bt_ncp_host_api.o(i.sl_bt_ota_set_rf_path), (48 bytes).
    Removing sl_bt_ncp_host_api.o(i.sl_bt_scanner_set_mode), (48 bytes).
    Removing sl_bt_ncp_host_api.o(i.sl_bt_scanner_set_timing), (60 bytes).
    Removing sl_bt_ncp_host_api.o(i.sl_bt_scanner_stop), (36 bytes).
    Removing sl_bt_ncp_host_api.o(i.sl_bt_sm_add_to_whitelist), (48 bytes).
    Removing sl_bt_ncp_host_api.o(i.sl_bt_sm_bonding_confirm), (48 bytes).
    Removing sl_bt_ncp_host_api.o(i.sl_bt_sm_configure), (48 bytes).
    Removing sl_bt_ncp_host_api.o(i.sl_bt_sm_delete_bonding), (40 bytes).
    Removing sl_bt_ncp_host_api.o(i.sl_bt_sm_delete_bondings), (36 bytes).
    Removing sl_bt_ncp_host_api.o(i.sl_bt_sm_enter_passkey), (48 bytes).
    Removing sl_bt_ncp_host_api.o(i.sl_bt_sm_increase_security), (40 bytes).
    Removing sl_bt_ncp_host_api.o(i.sl_bt_sm_list_all_bondings), (36 bytes).
    Removing sl_bt_ncp_host_api.o(i.sl_bt_sm_passkey_confirm), (48 bytes).
    Removing sl_bt_ncp_host_api.o(i.sl_bt_sm_set_bondable_mode), (40 bytes).
    Removing sl_bt_ncp_host_api.o(i.sl_bt_sm_set_debug_mode), (36 bytes).
    Removing sl_bt_ncp_host_api.o(i.sl_bt_sm_set_minimum_key_size), (40 bytes).
    Removing sl_bt_ncp_host_api.o(i.sl_bt_sm_set_oob_data), (72 bytes).
    Removing sl_bt_ncp_host_api.o(i.sl_bt_sm_set_passkey), (40 bytes).
    Removing sl_bt_ncp_host_api.o(i.sl_bt_sm_set_sc_remote_oob_data), (72 bytes).
    Removing sl_bt_ncp_host_api.o(i.sl_bt_sm_store_bonding_configuration), (48 bytes).
    Removing sl_bt_ncp_host_api.o(i.sl_bt_sm_use_sc_oob), (76 bytes).
    Removing sl_bt_ncp_host_api.o(i.sl_bt_sync_close), (40 bytes).
    Removing sl_bt_ncp_host_api.o(i.sl_bt_sync_open), (68 bytes).
    Removing sl_bt_ncp_host_api.o(i.sl_bt_sync_set_parameters), (56 bytes).
    Removing sl_bt_ncp_host_api.o(i.sl_bt_system_data_buffer_clear), (36 bytes).
    Removing sl_bt_ncp_host_api.o(i.sl_bt_system_data_buffer_write), (72 bytes).
    Removing sl_bt_ncp_host_api.o(i.sl_bt_system_get_counters), (80 bytes).
    Removing sl_bt_ncp_host_api.o(i.sl_bt_system_get_random_data), (76 bytes).
    Removing sl_bt_ncp_host_api.o(i.sl_bt_system_halt), (40 bytes).
    Removing sl_bt_ncp_host_api.o(i.sl_bt_system_linklayer_configure), (80 bytes).
    Removing sl_bt_ncp_host_api.o(i.sl_bt_system_reset), (28 bytes).
    Removing sl_bt_ncp_host_api.o(i.sl_bt_system_set_identity_address), (48 bytes).
    Removing sl_bt_ncp_host_api.o(i.sl_bt_system_set_lazy_soft_timer), (60 bytes).
    Removing sl_bt_ncp_host_api.o(i.sl_bt_system_set_max_tx_power), (48 bytes).
    Removing sl_bt_ncp_host_api.o(i.sl_bt_system_set_soft_timer), (56 bytes).
    Removing sl_bt_ncp_host_api.o(i.sl_bt_test_dtm_end), (36 bytes).
    Removing sl_bt_ncp_host_api.o(i.sl_bt_test_dtm_rx), (48 bytes).
    Removing sl_bt_ncp_host_api.o(i.sl_bt_test_dtm_tx), (60 bytes).
    Removing sl_bt_ncp_host_api.o(i.sl_bt_user_message_to_target), (100 bytes).

188 unused section(s) (total 12868 bytes) removed from the image.

==============================================================================

Image Symbol Table

    Local Symbols

    Symbol Name                              Value     Ov Type        Size  Object(Section)

    RESET                                    0x00000000   Section      644  startup.o(RESET)
    ../clib/angel/boardlib.s                 0x00000000   Number         0  boardshut.o ABSOLUTE
    ../clib/angel/boardlib.s                 0x00000000   Number         0  boardinit3.o ABSOLUTE
    ../clib/angel/boardlib.s                 0x00000000   Number         0  boardinit2.o ABSOLUTE
    ../clib/angel/boardlib.s                 0x00000000   Number         0  boardinit1.o ABSOLUTE
    ../clib/angel/handlers.s                 0x00000000   Number         0  __scatter_copy.o ABSOLUTE
    ../clib/angel/handlers.s                 0x00000000   Number         0  __scatter_zi.o ABSOLUTE
    ../clib/angel/kernel.s                   0x00000000   Number         0  __rtentry2.o ABSOLUTE
    ../clib/angel/kernel.s                   0x00000000   Number         0  __rtentry.o ABSOLUTE
    ../clib/angel/kernel.s                   0x00000000   Number         0  rtexit.o ABSOLUTE
    ../clib/angel/kernel.s                   0x00000000   Number         0  __rtentry4.o ABSOLUTE
    ../clib/angel/kernel.s                   0x00000000   Number         0  rtexit2.o ABSOLUTE
    ../clib/angel/rt.s                       0x00000000   Number         0  rt_raise.o ABSOLUTE
    ../clib/angel/scatter.s                  0x00000000   Number         0  __scatter.o ABSOLUTE
    ../clib/angel/startup.s                  0x00000000   Number         0  __main.o ABSOLUTE
    ../clib/angel/sys.s                      0x00000000   Number         0  sys_stackheap_outer.o ABSOLUTE
    ../clib/angel/sys.s                      0x00000000   Number         0  libspace.o ABSOLUTE
    ../clib/angel/sys.s                      0x00000000   Number         0  indicate_semi.o ABSOLUTE
    ../clib/angel/sys.s                      0x00000000   Number         0  use_no_semi.o ABSOLUTE
    ../clib/angel/sysapp.c                   0x00000000   Number         0  sys_exit.o ABSOLUTE
    ../clib/angel/sysapp.c                   0x00000000   Number         0  sys_command.o ABSOLUTE
    ../clib/angel/sysapp.c                   0x00000000   Number         0  sys_wrch.o ABSOLUTE
    ../clib/armsys.c                         0x00000000   Number         0  argv_veneer.o ABSOLUTE
    ../clib/armsys.c                         0x00000000   Number         0  no_argv.o ABSOLUTE
    ../clib/armsys.c                         0x00000000   Number         0  _get_argv_nomalloc.o ABSOLUTE
    ../clib/armsys.c                         0x00000000   Number         0  argv_veneer.o ABSOLUTE
    ../clib/heapalloc.c                      0x00000000   Number         0  hrguard.o ABSOLUTE
    ../clib/heapaux.c                        0x00000000   Number         0  heapauxi.o ABSOLUTE
    ../clib/libinit.s                        0x00000000   Number         0  libshutdown.o ABSOLUTE
    ../clib/libinit.s                        0x00000000   Number         0  libshutdown2.o ABSOLUTE
    ../clib/libinit.s                        0x00000000   Number         0  libinit2.o ABSOLUTE
    ../clib/libinit.s                        0x00000000   Number         0  libinit.o ABSOLUTE
    ../clib/memcpset.s                       0x00000000   Number         0  rt_memcpy_w.o ABSOLUTE
    ../clib/memcpset.s                       0x00000000   Number         0  rt_memcpy_v6.o ABSOLUTE
    ../clib/memcpset.s                       0x00000000   Number         0  strcmpv7m.o ABSOLUTE
    ../clib/misc.s                           0x00000000   Number         0  printf_stubs.o ABSOLUTE
    ../clib/printf.c                         0x00000000   Number         0  _printf_intcommon.o ABSOLUTE
    ../clib/printf.c                         0x00000000   Number         0  _printf_dec.o ABSOLUTE
    ../clib/printf.c                         0x00000000   Number         0  __printf_ss_wp.o ABSOLUTE
    ../clib/printf.c                         0x00000000   Number         0  _printf_hex_ll.o ABSOLUTE
    ../clib/printf.c                         0x00000000   Number         0  _printf_hex_int.o ABSOLUTE
    ../clib/printf.c                         0x00000000   Number         0  __printf_flags_wp.o ABSOLUTE
    ../clib/printf.c                         0x00000000   Number         0  __printf_wp.o ABSOLUTE
    ../clib/printf.c                         0x00000000   Number         0  __printf_flags_ss.o ABSOLUTE
    ../clib/printf.c                         0x00000000   Number         0  __printf_ss.o ABSOLUTE
    ../clib/printf.c                         0x00000000   Number         0  _printf_hex_int_ll.o ABSOLUTE
    ../clib/printf.c                         0x00000000   Number         0  _printf_hex_ptr.o ABSOLUTE
    ../clib/printf.c                         0x00000000   Number         0  _printf_hex_int_ptr.o ABSOLUTE
    ../clib/printf.c                         0x00000000   Number         0  _printf_hex_ll_ptr.o ABSOLUTE
    ../clib/printf.c                         0x00000000   Number         0  _printf_hex_int_ll_ptr.o ABSOLUTE
    ../clib/printf.c                         0x00000000   Number         0  __printf_flags.o ABSOLUTE
    ../clib/printf.c                         0x00000000   Number         0  _printf_char.o ABSOLUTE
    ../clib/printf.c                         0x00000000   Number         0  _sputc.o ABSOLUTE
    ../clib/printf.c                         0x00000000   Number         0  _printf_char_common.o ABSOLUTE
    ../clib/printf.c                         0x00000000   Number         0  __2sprintf.o ABSOLUTE
    ../clib/printf.c                         0x00000000   Number         0  noretval__2sprintf.o ABSOLUTE
    ../clib/printf.c                         0x00000000   Number         0  __printf.o ABSOLUTE
    ../clib/printf.c                         0x00000000   Number         0  _printf_pad.o ABSOLUTE
    ../clib/printf.c                         0x00000000   Number         0  _printf_str.o ABSOLUTE
    ../clib/printf.c                         0x00000000   Number         0  __printf_flags_ss_wp.o ABSOLUTE
    ../clib/printf.c                         0x00000000   Number         0  __printf_nopercent.o ABSOLUTE
    ../clib/printf_percent.s                 0x00000000   Number         0  _printf_d.o ABSOLUTE
    ../clib/printf_percent.s                 0x00000000   Number         0  _printf_percent.o ABSOLUTE
    ../clib/printf_percent.s                 0x00000000   Number         0  _printf_percent_end.o ABSOLUTE
    ../clib/printf_percent.s                 0x00000000   Number         0  _printf_s.o ABSOLUTE
    ../clib/printf_percent.s                 0x00000000   Number         0  _printf_x.o ABSOLUTE
    ../clib/printf_percent.s                 0x00000000   Number         0  _printf_c.o ABSOLUTE
    ../clib/signal.c                         0x00000000   Number         0  defsig_rtred_inner.o ABSOLUTE
    ../clib/signal.c                         0x00000000   Number         0  defsig_fpe_inner.o ABSOLUTE
    ../clib/signal.c                         0x00000000   Number         0  defsig_abrt_inner.o ABSOLUTE
    ../clib/signal.c                         0x00000000   Number         0  defsig_other.o ABSOLUTE
    ../clib/signal.c                         0x00000000   Number         0  defsig_segv_inner.o ABSOLUTE
    ../clib/signal.c                         0x00000000   Number         0  defsig_cppl_inner.o ABSOLUTE
    ../clib/signal.c                         0x00000000   Number         0  defsig_general.o ABSOLUTE
    ../clib/signal.c                         0x00000000   Number         0  __raise.o ABSOLUTE
    ../clib/signal.c                         0x00000000   Number         0  defsig_rtmem_inner.o ABSOLUTE
    ../clib/signal.c                         0x00000000   Number         0  defsig_exit.o ABSOLUTE
    ../clib/signal.c                         0x00000000   Number         0  defsig_pvfn_inner.o ABSOLUTE
    ../clib/signal.c                         0x00000000   Number         0  defsig_rtmem_formal.o ABSOLUTE
    ../clib/signal.c                         0x00000000   Number         0  defsig_stak_inner.o ABSOLUTE
    ../clib/signal.c                         0x00000000   Number         0  defsig_rtmem_outer.o ABSOLUTE
    ../clib/signal.s                         0x00000000   Number         0  defsig.o ABSOLUTE
    ../clib/stdlib.c                         0x00000000   Number         0  exit.o ABSOLUTE
    ../clib/string.c                         0x00000000   Number         0  strcpy.o ABSOLUTE
    ../fplib/fpinit.s                        0x00000000   Number         0  fpinit.o ABSOLUTE
    ..\inc\PLL.c                             0x00000000   Number         0  pll.o ABSOLUTE
    ..\inc\ST7735.c                          0x00000000   Number         0  st7735.o ABSOLUTE
    ..\inc\UART1int.c                        0x00000000   Number         0  uart1int.o ABSOLUTE
    BGLib\sl_bt_ncp_host.c                   0x00000000   Number         0  sl_bt_ncp_host.o ABSOLUTE
    BGLib\sl_bt_ncp_host_api.c               0x00000000   Number         0  sl_bt_ncp_host_api.o ABSOLUTE
    BLEHandler.c                             0x00000000   Number         0  blehandler.o ABSOLUTE
    Display.c                                0x00000000   Number         0  display.o ABSOLUTE
    Switch.c                                 0x00000000   Number         0  switch.o ABSOLUTE
    dc.s                                     0x00000000   Number         0  dc.o ABSOLUTE
    main.c                                   0x00000000   Number         0  main.o ABSOLUTE
    startup.s                                0x00000000   Number         0  startup.o ABSOLUTE
    !!!main                                  0x00000284   Section        8  __main.o(!!!main)
    !!!scatter                               0x0000028c   Section       52  __scatter.o(!!!scatter)
    !!handler_copy                           0x000002c0   Section       26  __scatter_copy.o(!!handler_copy)
    !!handler_zi                             0x000002dc   Section       28  __scatter_zi.o(!!handler_zi)
    .ARM.Collect$$_printf_percent$$00000000  0x000002f8   Section        0  _printf_percent.o(.ARM.Collect$$_printf_percent$$00000000)
    .ARM.Collect$$_printf_percent$$00000009  0x000002f8   Section        6  _printf_d.o(.ARM.Collect$$_printf_percent$$00000009)
    .ARM.Collect$$_printf_percent$$0000000C  0x000002fe   Section        6  _printf_x.o(.ARM.Collect$$_printf_percent$$0000000C)
    .ARM.Collect$$_printf_percent$$00000013  0x00000304   Section        6  _printf_c.o(.ARM.Collect$$_printf_percent$$00000013)
    .ARM.Collect$$_printf_percent$$00000014  0x0000030a   Section        6  _printf_s.o(.ARM.Collect$$_printf_percent$$00000014)
    .ARM.Collect$$_printf_percent$$00000017  0x00000310   Section        4  _printf_percent_end.o(.ARM.Collect$$_printf_percent$$00000017)
    .ARM.Collect$$libinit$$00000000          0x00000314   Section        2  libinit.o(.ARM.Collect$$libinit$$00000000)
    .ARM.Collect$$libinit$$00000002          0x00000316   Section        0  libinit2.o(.ARM.Collect$$libinit$$00000002)
    .ARM.Collect$$libinit$$00000004          0x00000316   Section        0  libinit2.o(.ARM.Collect$$libinit$$00000004)
    .ARM.Collect$$libinit$$0000000A          0x00000316   Section        0  libinit2.o(.ARM.Collect$$libinit$$0000000A)
    .ARM.Collect$$libinit$$0000000C          0x00000316   Section        0  libinit2.o(.ARM.Collect$$libinit$$0000000C)
    .ARM.Collect$$libinit$$0000000E          0x00000316   Section        0  libinit2.o(.ARM.Collect$$libinit$$0000000E)
    .ARM.Collect$$libinit$$00000011          0x00000316   Section        0  libinit2.o(.ARM.Collect$$libinit$$00000011)
    .ARM.Collect$$libinit$$00000013          0x00000316   Section        0  libinit2.o(.ARM.Collect$$libinit$$00000013)
    .ARM.Collect$$libinit$$00000015          0x00000316   Section        0  libinit2.o(.ARM.Collect$$libinit$$00000015)
    .ARM.Collect$$libinit$$00000017          0x00000316   Section        0  libinit2.o(.ARM.Collect$$libinit$$00000017)
    .ARM.Collect$$libinit$$00000019          0x00000316   Section        0  libinit2.o(.ARM.Collect$$libinit$$00000019)
    .ARM.Collect$$libinit$$0000001B          0x00000316   Section        0  libinit2.o(.ARM.Collect$$libinit$$0000001B)
    .ARM.Collect$$libinit$$0000001D          0x00000316   Section        0  libinit2.o(.ARM.Collect$$libinit$$0000001D)
    .ARM.Collect$$libinit$$0000001F          0x00000316   Section        0  libinit2.o(.ARM.Collect$$libinit$$0000001F)
    .ARM.Collect$$libinit$$00000021          0x00000316   Section        0  libinit2.o(.ARM.Collect$$libinit$$00000021)
    .ARM.Collect$$libinit$$00000023          0x00000316   Section        0  libinit2.o(.ARM.Collect$$libinit$$00000023)
    .ARM.Collect$$libinit$$00000025          0x00000316   Section        0  libinit2.o(.ARM.Collect$$libinit$$00000025)
    .ARM.Collect$$libinit$$0000002C          0x00000316   Section        0  libinit2.o(.ARM.Collect$$libinit$$0000002C)
    .ARM.Collect$$libinit$$0000002E          0x00000316   Section        0  libinit2.o(.ARM.Collect$$libinit$$0000002E)
    .ARM.Collect$$libinit$$00000030          0x00000316   Section        0  libinit2.o(.ARM.Collect$$libinit$$00000030)
    .ARM.Collect$$libinit$$00000032          0x00000316   Section        0  libinit2.o(.ARM.Collect$$libinit$$00000032)
    .ARM.Collect$$libinit$$00000033          0x00000316   Section        2  libinit2.o(.ARM.Collect$$libinit$$00000033)
    .ARM.Collect$$libshutdown$$00000000      0x00000318   Section        2  libshutdown.o(.ARM.Collect$$libshutdown$$00000000)
    .ARM.Collect$$libshutdown$$00000002      0x0000031a   Section        0  libshutdown2.o(.ARM.Collect$$libshutdown$$00000002)
    .ARM.Collect$$libshutdown$$00000004      0x0000031a   Section        0  libshutdown2.o(.ARM.Collect$$libshutdown$$00000004)
    .ARM.Collect$$libshutdown$$00000007      0x0000031a   Section        0  libshutdown2.o(.ARM.Collect$$libshutdown$$00000007)
    .ARM.Collect$$libshutdown$$0000000A      0x0000031a   Section        0  libshutdown2.o(.ARM.Collect$$libshutdown$$0000000A)
    .ARM.Collect$$libshutdown$$0000000C      0x0000031a   Section        0  libshutdown2.o(.ARM.Collect$$libshutdown$$0000000C)
    .ARM.Collect$$libshutdown$$0000000F      0x0000031a   Section        0  libshutdown2.o(.ARM.Collect$$libshutdown$$0000000F)
    .ARM.Collect$$libshutdown$$00000010      0x0000031a   Section        2  libshutdown2.o(.ARM.Collect$$libshutdown$$00000010)
    .ARM.Collect$$rtentry$$00000000          0x0000031c   Section        0  __rtentry.o(.ARM.Collect$$rtentry$$00000000)
    .ARM.Collect$$rtentry$$00000002          0x0000031c   Section        0  __rtentry2.o(.ARM.Collect$$rtentry$$00000002)
    .ARM.Collect$$rtentry$$00000004          0x0000031c   Section        6  __rtentry4.o(.ARM.Collect$$rtentry$$00000004)
    .ARM.Collect$$rtentry$$00000009          0x00000322   Section        0  __rtentry2.o(.ARM.Collect$$rtentry$$00000009)
    .ARM.Collect$$rtentry$$0000000A          0x00000322   Section        4  __rtentry2.o(.ARM.Collect$$rtentry$$0000000A)
    .ARM.Collect$$rtentry$$0000000C          0x00000326   Section        0  __rtentry2.o(.ARM.Collect$$rtentry$$0000000C)
    .ARM.Collect$$rtentry$$0000000D          0x00000326   Section        8  __rtentry2.o(.ARM.Collect$$rtentry$$0000000D)
    .ARM.Collect$$rtexit$$00000000           0x0000032e   Section        2  rtexit.o(.ARM.Collect$$rtexit$$00000000)
    .ARM.Collect$$rtexit$$00000002           0x00000330   Section        0  rtexit2.o(.ARM.Collect$$rtexit$$00000002)
    .ARM.Collect$$rtexit$$00000003           0x00000330   Section        4  rtexit2.o(.ARM.Collect$$rtexit$$00000003)
    .ARM.Collect$$rtexit$$00000004           0x00000334   Section        6  rtexit2.o(.ARM.Collect$$rtexit$$00000004)
    .text                                    0x0000033c   Section       48  startup.o(.text)
    .text                                    0x0000036c   Section        0  noretval__2sprintf.o(.text)
    .text                                    0x00000394   Section        0  _printf_pad.o(.text)
    .text                                    0x000003e2   Section        0  _printf_str.o(.text)
    .text                                    0x00000434   Section        0  _printf_dec.o(.text)
    .text                                    0x000004ac   Section        0  _printf_hex_int.o(.text)
    .text                                    0x00000504   Section        0  __printf_flags_wp.o(.text)
    .text                                    0x0000063c   Section        0  strcpy.o(.text)
    .text                                    0x00000684   Section      138  rt_memcpy_v6.o(.text)
    .text                                    0x0000070e   Section      100  rt_memcpy_w.o(.text)
    .text                                    0x00000772   Section        0  heapauxi.o(.text)
    .text                                    0x00000778   Section        0  _printf_intcommon.o(.text)
    .text                                    0x0000082c   Section        0  _printf_char_common.o(.text)
    _printf_input_char                       0x0000082d   Thumb Code    10  _printf_char_common.o(.text)
    .text                                    0x0000085c   Section        0  _sputc.o(.text)
    .text                                    0x00000866   Section        0  _printf_char.o(.text)
    .text                                    0x00000892   Section       74  sys_stackheap_outer.o(.text)
    .text                                    0x000008dc   Section        0  exit.o(.text)
    .text                                    0x000008f0   Section        8  libspace.o(.text)
    .text                                    0x000008f8   Section        0  sys_exit.o(.text)
    .text                                    0x00000904   Section        2  use_no_semi.o(.text)
    .text                                    0x00000906   Section        0  indicate_semi.o(.text)
    i.BLEHandler_Init                        0x00000908   Section        0  blehandler.o(i.BLEHandler_Init)
    i.BLEHandler_Main_Loop                   0x00000970   Section        0  blehandler.o(i.BLEHandler_Main_Loop)
    i.Delay1ms                               0x0000098c   Section        0  st7735.o(i.Delay1ms)
    i.DisplaySend_String                     0x000009ac   Section        0  display.o(i.DisplaySend_String)
    i.Display_Init                           0x000009bc   Section        0  display.o(i.Display_Init)
    i.GPIOArm                                0x000009f8   Section        0  switch.o(i.GPIOArm)
    GPIOArm                                  0x000009f9   Thumb Code    48  switch.o(i.GPIOArm)
    i.GPIOPortF_Handler                      0x00000a34   Section        0  switch.o(i.GPIOPortF_Handler)
    i.Output_Init                            0x00000a70   Section        0  st7735.o(i.Output_Init)
    i.PLL_Init                               0x00000a80   Section        0  pll.o(i.PLL_Init)
    i.RxFifo_Get                             0x00000afc   Section        0  uart1int.o(i.RxFifo_Get)
    i.RxFifo_Init                            0x00000b34   Section        0  uart1int.o(i.RxFifo_Init)
    i.RxFifo_Put                             0x00000b50   Section        0  uart1int.o(i.RxFifo_Put)
    i.ST7735_DrawCharS                       0x00000b98   Section        0  st7735.o(i.ST7735_DrawCharS)
    i.ST7735_DrawPixel                       0x00000c90   Section        0  st7735.o(i.ST7735_DrawPixel)
    i.ST7735_DrawString                      0x00000cdc   Section        0  st7735.o(i.ST7735_DrawString)
    i.ST7735_FillRect                        0x00000d34   Section        0  st7735.o(i.ST7735_FillRect)
    i.ST7735_FillScreen                      0x00000de4   Section        0  st7735.o(i.ST7735_FillScreen)
    i.ST7735_InitR                           0x00000e08   Section        0  st7735.o(i.ST7735_InitR)
    i.ST7735_OutChar                         0x00000e84   Section        0  st7735.o(i.ST7735_OutChar)
    i.ST7735_OutString                       0x00000f5c   Section        0  st7735.o(i.ST7735_OutString)
    i.ST7735_SetCursor                       0x00000f74   Section        0  st7735.o(i.ST7735_SetCursor)
    i.ST7735_SetTextColor                    0x00000f94   Section        0  st7735.o(i.ST7735_SetTextColor)
    i.Timer0A_Handler                        0x00000fa0   Section        0  switch.o(i.Timer0A_Handler)
    i.Timer0Arm                              0x00000fb4   Section        0  switch.o(i.Timer0Arm)
    Timer0Arm                                0x00000fb5   Thumb Code    58  switch.o(i.Timer0Arm)
    i.UART1_Handler                          0x00001000   Section        0  uart1int.o(i.UART1_Handler)
    i.UART1_InChar                           0x00001030   Section        0  uart1int.o(i.UART1_InChar)
    i.UART1_InStatus                         0x00001044   Section        0  uart1int.o(i.UART1_InStatus)
    i.UART1_Init                             0x0000105c   Section        0  uart1int.o(i.UART1_Init)
    i.UART1_OutChar                          0x00001184   Section        0  uart1int.o(i.UART1_OutChar)
    i._is_digit                              0x0000119c   Section        0  __printf_wp.o(i._is_digit)
    i.addContact                             0x000011ac   Section        0  blehandler.o(i.addContact)
    addContact                               0x000011ad   Thumb Code    34  blehandler.o(i.addContact)
    i.commandList                            0x000011d8   Section        0  st7735.o(i.commandList)
    commandList                              0x000011d9   Thumb Code    86  st7735.o(i.commandList)
    i.commonInit                             0x00001230   Section        0  st7735.o(i.commonInit)
    commonInit                               0x00001231   Thumb Code   342  st7735.o(i.commonInit)
    i.copyHardwareToSoftware                 0x000013b8   Section        0  uart1int.o(i.copyHardwareToSoftware)
    copyHardwareToSoftware                   0x000013b9   Thumb Code    36  uart1int.o(i.copyHardwareToSoftware)
    i.deselect                               0x000013e0   Section        0  st7735.o(i.deselect)
    deselect                                 0x000013e1   Thumb Code    24  st7735.o(i.deselect)
    i.main                                   0x000013fc   Section        0  main.o(i.main)
    i.moveCursor                             0x0000141c   Section        0  display.o(i.moveCursor)
    moveCursor                               0x0000141d   Thumb Code    52  display.o(i.moveCursor)
    i.parseData                              0x00001458   Section        0  blehandler.o(i.parseData)
    parseData                                0x00001459   Thumb Code    76  blehandler.o(i.parseData)
    i.pushColor                              0x000014b4   Section        0  st7735.o(i.pushColor)
    pushColor                                0x000014b5   Thumb Code    18  st7735.o(i.pushColor)
    i.setAddrWindow                          0x000014c8   Section        0  st7735.o(i.setAddrWindow)
    setAddrWindow                            0x000014c9   Thumb Code   106  st7735.o(i.setAddrWindow)
    i.sl_bt_advertiser_create_set            0x0000153c   Section        0  sl_bt_ncp_host_api.o(i.sl_bt_advertiser_create_set)
    i.sl_bt_advertiser_set_data              0x00001564   Section        0  sl_bt_ncp_host_api.o(i.sl_bt_advertiser_set_data)
    i.sl_bt_advertiser_set_timing            0x000015b8   Section        0  sl_bt_ncp_host_api.o(i.sl_bt_advertiser_set_timing)
    i.sl_bt_advertiser_start                 0x00001604   Section        0  sl_bt_ncp_host_api.o(i.sl_bt_advertiser_start)
    i.sl_bt_get_event                        0x0000163c   Section        0  sl_bt_ncp_host.o(i.sl_bt_get_event)
    i.sl_bt_host_handle_command              0x000016c0   Section        0  sl_bt_ncp_host.o(i.sl_bt_host_handle_command)
    i.sl_bt_on_event                         0x000016f4   Section        0  blehandler.o(i.sl_bt_on_event)
    sl_bt_on_event                           0x000016f5   Thumb Code   372  blehandler.o(i.sl_bt_on_event)
    i.sl_bt_pop_event                        0x00001a08   Section        0  sl_bt_ncp_host.o(i.sl_bt_pop_event)
    i.sl_bt_scanner_start                    0x00001a18   Section        0  sl_bt_ncp_host_api.o(i.sl_bt_scanner_start)
    i.sl_bt_system_get_identity_address      0x00001a48   Section        0  sl_bt_ncp_host_api.o(i.sl_bt_system_get_identity_address)
    i.sl_bt_system_hello                     0x00001a80   Section        0  sl_bt_ncp_host_api.o(i.sl_bt_system_hello)
    i.sl_bt_wait_message                     0x00001aa4   Section        0  sl_bt_ncp_host.o(i.sl_bt_wait_message)
    i.sl_bt_wait_response                    0x00001ba4   Section        0  sl_bt_ncp_host.o(i.sl_bt_wait_response)
    i.uartRx                                 0x00001bba   Section        0  blehandler.o(i.uartRx)
    uartRx                                   0x00001bbb   Thumb Code    34  blehandler.o(i.uartRx)
    i.uartRxPeek                             0x00001bdc   Section        0  blehandler.o(i.uartRxPeek)
    uartRxPeek                               0x00001bdd   Thumb Code     8  blehandler.o(i.uartRxPeek)
    i.uart_tx_wrapper                        0x00001be4   Section        0  blehandler.o(i.uart_tx_wrapper)
    uart_tx_wrapper                          0x00001be5   Thumb Code    26  blehandler.o(i.uart_tx_wrapper)
    i.validBLE                               0x00001bfe   Section        0  blehandler.o(i.validBLE)
    validBLE                                 0x00001bff   Thumb Code    88  blehandler.o(i.validBLE)
    i.writecommand                           0x00001c58   Section        0  st7735.o(i.writecommand)
    writecommand                             0x00001c59   Thumb Code    46  st7735.o(i.writecommand)
    i.writedata                              0x00001c90   Section        0  st7735.o(i.writedata)
    writedata                                0x00001c91   Thumb Code    26  st7735.o(i.writedata)
    .constdata                               0x00001cb4   Section       32  blehandler.o(.constdata)
    adv_data                                 0x00001cc2   Data          18  blehandler.o(.constdata)
    .constdata                               0x00001cd4   Section     2114  st7735.o(.constdata)
    Font                                     0x00001cd4   Data        1275  st7735.o(.constdata)
    Bcmd                                     0x000021cf   Data         103  st7735.o(.constdata)
    Rcmd1                                    0x00002236   Data          59  st7735.o(.constdata)
    Rcmd2green                               0x00002271   Data          13  st7735.o(.constdata)
    Rcmd2red                                 0x0000227e   Data          13  st7735.o(.constdata)
    Rcmd3                                    0x0000228b   Data          43  st7735.o(.constdata)
    .constdata                               0x00002516   Section       40  _printf_hex_int.o(.constdata)
    uc_hextab                                0x00002516   Data          20  _printf_hex_int.o(.constdata)
    lc_hextab                                0x0000252a   Data          20  _printf_hex_int.o(.constdata)
    .constdata                               0x0000253e   Section       17  __printf_flags_wp.o(.constdata)
    maptable                                 0x0000253e   Data          17  __printf_flags_wp.o(.constdata)
    .data                                    0x20000000   Section        8  switch.o(.data)
    .data                                    0x20000008   Section       31  blehandler.o(.data)
    advertising_set_handle                   0x20000026   Data           1  blehandler.o(.data)
    .data                                    0x20000028   Section        8  display.o(.data)
    CurX                                     0x20000028   Data           4  display.o(.data)
    CurY                                     0x2000002c   Data           4  display.o(.data)
    .data                                    0x20000030   Section       12  uart1int.o(.data)
    .data                                    0x2000003c   Section       44  st7735.o(.data)
    ColStart                                 0x20000046   Data           1  st7735.o(.data)
    RowStart                                 0x20000047   Data           1  st7735.o(.data)
    Rotation                                 0x20000048   Data           1  st7735.o(.data)
    TabColor                                 0x20000049   Data           1  st7735.o(.data)
    _width                                   0x2000004a   Data           2  st7735.o(.data)
    _height                                  0x2000004c   Data           2  st7735.o(.data)
    .bss                                     0x20000068   Section    16630  blehandler.o(.bss)
    report                                   0x200020e8   Data          18  blehandler.o(.bss)
    message                                  0x200040fa   Data         100  blehandler.o(.bss)
    .bss                                     0x2000415e   Section      256  uart1int.o(.bss)
    .bss                                     0x20004260   Section       96  libspace.o(.bss)
    HEAP                                     0x200042c0   Section        0  startup.o(HEAP)
    STACK                                    0x200042c0   Section     1024  startup.o(STACK)
    HeapMem                                  0x200042c0   Data           0  startup.o(HEAP)
    StackMem                                 0x200042c0   Data           0  startup.o(STACK)

    Global Symbols

    Symbol Name                              Value     Ov Type        Size  Object(Section)

    BuildAttributes$$THM_ISAv4$E$P$D$K$B$S$7EM$PE$A:L22UL41UL21$X:L11$S22US41US21$IEEE1$IW$USESV6$~STKCKD$USESV7$~SHL$OSPACE$ROPI$EBA8$UX$STANDARDLIB$REQ8$PRES8$EABIv2 0x00000000   Number         0  anon$$obj.o ABSOLUTE
    __ARM_use_no_argv                        0x00000000   Number         0  main.o ABSOLUTE
    __Vectors                                0x00000000   Data           0  startup.o(RESET)
    _printf_flags                            0x00000000   Number         0  printf_stubs.o ABSOLUTE
    _printf_return_value                     0x00000000   Number         0  printf_stubs.o ABSOLUTE
    _printf_sizespec                         0x00000000   Number         0  printf_stubs.o ABSOLUTE
    _printf_widthprec                        0x00000000   Number         0  printf_stubs.o ABSOLUTE
    __ARM_exceptions_init                     - Undefined Weak Reference
    __alloca_initialize                       - Undefined Weak Reference
    __arm_preinit_                            - Undefined Weak Reference
    __cpp_initialize__aeabi_                  - Undefined Weak Reference
    __cxa_finalize                            - Undefined Weak Reference
    __rt_locale                               - Undefined Weak Reference
    __sigvec_lookup                           - Undefined Weak Reference
    _atexit_init                              - Undefined Weak Reference
    _call_atexit_fns                          - Undefined Weak Reference
    _clock_init                               - Undefined Weak Reference
    _fp_trap_init                             - Undefined Weak Reference
    _fp_trap_shutdown                         - Undefined Weak Reference
    _get_lc_collate                           - Undefined Weak Reference
    _get_lc_ctype                             - Undefined Weak Reference
    _get_lc_monetary                          - Undefined Weak Reference
    _get_lc_numeric                           - Undefined Weak Reference
    _get_lc_time                              - Undefined Weak Reference
    _getenv_init                              - Undefined Weak Reference
    _handle_redirection                       - Undefined Weak Reference
    _init_alloc                               - Undefined Weak Reference
    _init_user_alloc                          - Undefined Weak Reference
    _initio                                   - Undefined Weak Reference
    _printf_mbtowc                            - Undefined Weak Reference
    _printf_truncate_signed                   - Undefined Weak Reference
    _printf_truncate_unsigned                 - Undefined Weak Reference
    _rand_init                                - Undefined Weak Reference
    _signal_finish                            - Undefined Weak Reference
    _signal_init                              - Undefined Weak Reference
    _terminate_alloc                          - Undefined Weak Reference
    _terminate_user_alloc                     - Undefined Weak Reference
    _terminateio                              - Undefined Weak Reference
    Reset_Handler                            0x0000026d   Thumb Code     0  startup.o(RESET)
    NMI_Handler                              0x00000271   Thumb Code     2  startup.o(RESET)
    HardFault_Handler                        0x00000273   Thumb Code     2  startup.o(RESET)
    MemManage_Handler                        0x00000275   Thumb Code     2  startup.o(RESET)
    BusFault_Handler                         0x00000277   Thumb Code     2  startup.o(RESET)
    UsageFault_Handler                       0x00000279   Thumb Code     2  startup.o(RESET)
    SVC_Handler                              0x0000027b   Thumb Code     2  startup.o(RESET)
    DebugMon_Handler                         0x0000027d   Thumb Code     2  startup.o(RESET)
    PendSV_Handler                           0x0000027f   Thumb Code     2  startup.o(RESET)
    SysTick_Handler                          0x00000281   Thumb Code     2  startup.o(RESET)
    ADC0Seq0_Handler                         0x00000283   Thumb Code     0  startup.o(RESET)
    ADC0Seq1_Handler                         0x00000283   Thumb Code     0  startup.o(RESET)
    ADC0Seq2_Handler                         0x00000283   Thumb Code     0  startup.o(RESET)
    ADC0Seq3_Handler                         0x00000283   Thumb Code     0  startup.o(RESET)
    ADC1Seq0_Handler                         0x00000283   Thumb Code     0  startup.o(RESET)
    ADC1Seq1_Handler                         0x00000283   Thumb Code     0  startup.o(RESET)
    ADC1Seq2_Handler                         0x00000283   Thumb Code     0  startup.o(RESET)
    ADC1Seq3_Handler                         0x00000283   Thumb Code     0  startup.o(RESET)
    CAN0_Handler                             0x00000283   Thumb Code     0  startup.o(RESET)
    CAN1_Handler                             0x00000283   Thumb Code     0  startup.o(RESET)
    CAN2_Handler                             0x00000283   Thumb Code     0  startup.o(RESET)
    Comp0_Handler                            0x00000283   Thumb Code     0  startup.o(RESET)
    Comp1_Handler                            0x00000283   Thumb Code     0  startup.o(RESET)
    Comp2_Handler                            0x00000283   Thumb Code     0  startup.o(RESET)
    Ethernet_Handler                         0x00000283   Thumb Code     0  startup.o(RESET)
    ExtBus_Handler                           0x00000283   Thumb Code     0  startup.o(RESET)
    FPU_Handler                              0x00000283   Thumb Code     0  startup.o(RESET)
    Fan0_Handler                             0x00000283   Thumb Code     0  startup.o(RESET)
    FlashCtl_Handler                         0x00000283   Thumb Code     0  startup.o(RESET)
    GPIOPortA_Handler                        0x00000283   Thumb Code     0  startup.o(RESET)
    GPIOPortB_Handler                        0x00000283   Thumb Code     0  startup.o(RESET)
    GPIOPortC_Handler                        0x00000283   Thumb Code     0  startup.o(RESET)
    GPIOPortD_Handler                        0x00000283   Thumb Code     0  startup.o(RESET)
    GPIOPortE_Handler                        0x00000283   Thumb Code     0  startup.o(RESET)
    GPIOPortG_Handler                        0x00000283   Thumb Code     0  startup.o(RESET)
    GPIOPortH_Handler                        0x00000283   Thumb Code     0  startup.o(RESET)
    GPIOPortJ_Handler                        0x00000283   Thumb Code     0  startup.o(RESET)
    GPIOPortK_Handler                        0x00000283   Thumb Code     0  startup.o(RESET)
    GPIOPortL_Handler                        0x00000283   Thumb Code     0  startup.o(RESET)
    GPIOPortM_Handler                        0x00000283   Thumb Code     0  startup.o(RESET)
    GPIOPortN_Handler                        0x00000283   Thumb Code     0  startup.o(RESET)
    GPIOPortP1_Handler                       0x00000283   Thumb Code     0  startup.o(RESET)
    GPIOPortP2_Handler                       0x00000283   Thumb Code     0  startup.o(RESET)
    GPIOPortP3_Handler                       0x00000283   Thumb Code     0  startup.o(RESET)
    GPIOPortP4_Handler                       0x00000283   Thumb Code     0  startup.o(RESET)
    GPIOPortP5_Handler                       0x00000283   Thumb Code     0  startup.o(RESET)
    GPIOPortP6_Handler                       0x00000283   Thumb Code     0  startup.o(RESET)
    GPIOPortP7_Handler                       0x00000283   Thumb Code     0  startup.o(RESET)
    GPIOPortP_Handler                        0x00000283   Thumb Code     0  startup.o(RESET)
    GPIOPortQ1_Handler                       0x00000283   Thumb Code     0  startup.o(RESET)
    GPIOPortQ2_Handler                       0x00000283   Thumb Code     0  startup.o(RESET)
    GPIOPortQ3_Handler                       0x00000283   Thumb Code     0  startup.o(RESET)
    GPIOPortQ4_Handler                       0x00000283   Thumb Code     0  startup.o(RESET)
    GPIOPortQ5_Handler                       0x00000283   Thumb Code     0  startup.o(RESET)
    GPIOPortQ6_Handler                       0x00000283   Thumb Code     0  startup.o(RESET)
    GPIOPortQ7_Handler                       0x00000283   Thumb Code     0  startup.o(RESET)
    GPIOPortQ_Handler                        0x00000283   Thumb Code     0  startup.o(RESET)
    GPIOPortR_Handler                        0x00000283   Thumb Code     0  startup.o(RESET)
    GPIOPortS_Handler                        0x00000283   Thumb Code     0  startup.o(RESET)
    Hibernate_Handler                        0x00000283   Thumb Code     0  startup.o(RESET)
    I2C0_Handler                             0x00000283   Thumb Code     0  startup.o(RESET)
    I2C1_Handler                             0x00000283   Thumb Code     0  startup.o(RESET)
    I2C2_Handler                             0x00000283   Thumb Code     0  startup.o(RESET)
    I2C3_Handler                             0x00000283   Thumb Code     0  startup.o(RESET)
    I2C4_Handler                             0x00000283   Thumb Code     0  startup.o(RESET)
    I2C5_Handler                             0x00000283   Thumb Code     0  startup.o(RESET)
    I2S0_Handler                             0x00000283   Thumb Code     0  startup.o(RESET)
    LPC0_Handler                             0x00000283   Thumb Code     0  startup.o(RESET)
    PECI0_Handler                            0x00000283   Thumb Code     0  startup.o(RESET)
    PWM0Fault_Handler                        0x00000283   Thumb Code     0  startup.o(RESET)
    PWM0Generator0_Handler                   0x00000283   Thumb Code     0  startup.o(RESET)
    PWM0Generator1_Handler                   0x00000283   Thumb Code     0  startup.o(RESET)
    PWM0Generator2_Handler                   0x00000283   Thumb Code     0  startup.o(RESET)
    PWM0Generator3_Handler                   0x00000283   Thumb Code     0  startup.o(RESET)
    PWM1Fault_Handler                        0x00000283   Thumb Code     0  startup.o(RESET)
    PWM1Generator0_Handler                   0x00000283   Thumb Code     0  startup.o(RESET)
    PWM1Generator1_Handler                   0x00000283   Thumb Code     0  startup.o(RESET)
    PWM1Generator2_Handler                   0x00000283   Thumb Code     0  startup.o(RESET)
    PWM1Generator3_Handler                   0x00000283   Thumb Code     0  startup.o(RESET)
    Quadrature0_Handler                      0x00000283   Thumb Code     0  startup.o(RESET)
    Quadrature1_Handler                      0x00000283   Thumb Code     0  startup.o(RESET)
    Quadrature2_Handler                      0x00000283   Thumb Code     0  startup.o(RESET)
    SSI0_Handler                             0x00000283   Thumb Code     0  startup.o(RESET)
    SSI1_Handler                             0x00000283   Thumb Code     0  startup.o(RESET)
    SSI2_Handler                             0x00000283   Thumb Code     0  startup.o(RESET)
    SSI3_Handler                             0x00000283   Thumb Code     0  startup.o(RESET)
    SysCtl_Handler                           0x00000283   Thumb Code     0  startup.o(RESET)
    Timer0B_Handler                          0x00000283   Thumb Code     0  startup.o(RESET)
    Timer1A_Handler                          0x00000283   Thumb Code     0  startup.o(RESET)
    Timer1B_Handler                          0x00000283   Thumb Code     0  startup.o(RESET)
    Timer2A_Handler                          0x00000283   Thumb Code     0  startup.o(RESET)
    Timer2B_Handler                          0x00000283   Thumb Code     0  startup.o(RESET)
    Timer3A_Handler                          0x00000283   Thumb Code     0  startup.o(RESET)
    Timer3B_Handler                          0x00000283   Thumb Code     0  startup.o(RESET)
    Timer4A_Handler                          0x00000283   Thumb Code     0  startup.o(RESET)
    Timer4B_Handler                          0x00000283   Thumb Code     0  startup.o(RESET)
    Timer5A_Handler                          0x00000283   Thumb Code     0  startup.o(RESET)
    Timer5B_Handler                          0x00000283   Thumb Code     0  startup.o(RESET)
    UART0_Handler                            0x00000283   Thumb Code     0  startup.o(RESET)
    UART2_Handler                            0x00000283   Thumb Code     0  startup.o(RESET)
    UART3_Handler                            0x00000283   Thumb Code     0  startup.o(RESET)
    UART4_Handler                            0x00000283   Thumb Code     0  startup.o(RESET)
    UART5_Handler                            0x00000283   Thumb Code     0  startup.o(RESET)
    UART6_Handler                            0x00000283   Thumb Code     0  startup.o(RESET)
    UART7_Handler                            0x00000283   Thumb Code     0  startup.o(RESET)
    USB0_Handler                             0x00000283   Thumb Code     0  startup.o(RESET)
    WDT_Handler                              0x00000283   Thumb Code     0  startup.o(RESET)
    WideTimer0A_Handler                      0x00000283   Thumb Code     0  startup.o(RESET)
    WideTimer0B_Handler                      0x00000283   Thumb Code     0  startup.o(RESET)
    WideTimer1A_Handler                      0x00000283   Thumb Code     0  startup.o(RESET)
    WideTimer1B_Handler                      0x00000283   Thumb Code     0  startup.o(RESET)
    WideTimer2A_Handler                      0x00000283   Thumb Code     0  startup.o(RESET)
    WideTimer2B_Handler                      0x00000283   Thumb Code     0  startup.o(RESET)
    WideTimer3A_Handler                      0x00000283   Thumb Code     0  startup.o(RESET)
    WideTimer3B_Handler                      0x00000283   Thumb Code     0  startup.o(RESET)
    WideTimer4A_Handler                      0x00000283   Thumb Code     0  startup.o(RESET)
    WideTimer4B_Handler                      0x00000283   Thumb Code     0  startup.o(RESET)
    WideTimer5A_Handler                      0x00000283   Thumb Code     0  startup.o(RESET)
    WideTimer5B_Handler                      0x00000283   Thumb Code     0  startup.o(RESET)
    uDMA_Error                               0x00000283   Thumb Code     0  startup.o(RESET)
    uDMA_Handler                             0x00000283   Thumb Code     0  startup.o(RESET)
    __main                                   0x00000285   Thumb Code     8  __main.o(!!!main)
    __scatterload                            0x0000028d   Thumb Code     0  __scatter.o(!!!scatter)
    __scatterload_rt2                        0x0000028d   Thumb Code    44  __scatter.o(!!!scatter)
    __scatterload_rt2_thumb_only             0x0000028d   Thumb Code     0  __scatter.o(!!!scatter)
    __scatterload_null                       0x0000029b   Thumb Code     0  __scatter.o(!!!scatter)
    __scatterload_copy                       0x000002c1   Thumb Code    26  __scatter_copy.o(!!handler_copy)
    __scatterload_zeroinit                   0x000002dd   Thumb Code    28  __scatter_zi.o(!!handler_zi)
    _printf_d                                0x000002f9   Thumb Code     0  _printf_d.o(.ARM.Collect$$_printf_percent$$00000009)
    _printf_percent                          0x000002f9   Thumb Code     0  _printf_percent.o(.ARM.Collect$$_printf_percent$$00000000)
    _printf_x                                0x000002ff   Thumb Code     0  _printf_x.o(.ARM.Collect$$_printf_percent$$0000000C)
    _printf_c                                0x00000305   Thumb Code     0  _printf_c.o(.ARM.Collect$$_printf_percent$$00000013)
    _printf_s                                0x0000030b   Thumb Code     0  _printf_s.o(.ARM.Collect$$_printf_percent$$00000014)
    _printf_percent_end                      0x00000311   Thumb Code     0  _printf_percent_end.o(.ARM.Collect$$_printf_percent$$00000017)
    __rt_lib_init                            0x00000315   Thumb Code     0  libinit.o(.ARM.Collect$$libinit$$00000000)
    __rt_lib_init_alloca_1                   0x00000317   Thumb Code     0  libinit2.o(.ARM.Collect$$libinit$$0000002E)
    __rt_lib_init_argv_1                     0x00000317   Thumb Code     0  libinit2.o(.ARM.Collect$$libinit$$0000002C)
    __rt_lib_init_atexit_1                   0x00000317   Thumb Code     0  libinit2.o(.ARM.Collect$$libinit$$0000001B)
    __rt_lib_init_clock_1                    0x00000317   Thumb Code     0  libinit2.o(.ARM.Collect$$libinit$$00000021)
    __rt_lib_init_cpp_1                      0x00000317   Thumb Code     0  libinit2.o(.ARM.Collect$$libinit$$00000032)
    __rt_lib_init_exceptions_1               0x00000317   Thumb Code     0  libinit2.o(.ARM.Collect$$libinit$$00000030)
    __rt_lib_init_fp_1                       0x00000317   Thumb Code     0  libinit2.o(.ARM.Collect$$libinit$$00000002)
    __rt_lib_init_fp_trap_1                  0x00000317   Thumb Code     0  libinit2.o(.ARM.Collect$$libinit$$0000001F)
    __rt_lib_init_getenv_1                   0x00000317   Thumb Code     0  libinit2.o(.ARM.Collect$$libinit$$00000023)
    __rt_lib_init_heap_1                     0x00000317   Thumb Code     0  libinit2.o(.ARM.Collect$$libinit$$0000000A)
    __rt_lib_init_lc_collate_1               0x00000317   Thumb Code     0  libinit2.o(.ARM.Collect$$libinit$$00000011)
    __rt_lib_init_lc_ctype_1                 0x00000317   Thumb Code     0  libinit2.o(.ARM.Collect$$libinit$$00000013)
    __rt_lib_init_lc_monetary_1              0x00000317   Thumb Code     0  libinit2.o(.ARM.Collect$$libinit$$00000015)
    __rt_lib_init_lc_numeric_1               0x00000317   Thumb Code     0  libinit2.o(.ARM.Collect$$libinit$$00000017)
    __rt_lib_init_lc_time_1                  0x00000317   Thumb Code     0  libinit2.o(.ARM.Collect$$libinit$$00000019)
    __rt_lib_init_preinit_1                  0x00000317   Thumb Code     0  libinit2.o(.ARM.Collect$$libinit$$00000004)
    __rt_lib_init_rand_1                     0x00000317   Thumb Code     0  libinit2.o(.ARM.Collect$$libinit$$0000000E)
    __rt_lib_init_return                     0x00000317   Thumb Code     0  libinit2.o(.ARM.Collect$$libinit$$00000033)
    __rt_lib_init_signal_1                   0x00000317   Thumb Code     0  libinit2.o(.ARM.Collect$$libinit$$0000001D)
    __rt_lib_init_stdio_1                    0x00000317   Thumb Code     0  libinit2.o(.ARM.Collect$$libinit$$00000025)
    __rt_lib_init_user_alloc_1               0x00000317   Thumb Code     0  libinit2.o(.ARM.Collect$$libinit$$0000000C)
    __rt_lib_shutdown                        0x00000319   Thumb Code     0  libshutdown.o(.ARM.Collect$$libshutdown$$00000000)
    __rt_lib_shutdown_cpp_1                  0x0000031b   Thumb Code     0  libshutdown2.o(.ARM.Collect$$libshutdown$$00000002)
    __rt_lib_shutdown_fp_trap_1              0x0000031b   Thumb Code     0  libshutdown2.o(.ARM.Collect$$libshutdown$$00000007)
    __rt_lib_shutdown_heap_1                 0x0000031b   Thumb Code     0  libshutdown2.o(.ARM.Collect$$libshutdown$$0000000F)
    __rt_lib_shutdown_return                 0x0000031b   Thumb Code     0  libshutdown2.o(.ARM.Collect$$libshutdown$$00000010)
    __rt_lib_shutdown_signal_1               0x0000031b   Thumb Code     0  libshutdown2.o(.ARM.Collect$$libshutdown$$0000000A)
    __rt_lib_shutdown_stdio_1                0x0000031b   Thumb Code     0  libshutdown2.o(.ARM.Collect$$libshutdown$$00000004)
    __rt_lib_shutdown_user_alloc_1           0x0000031b   Thumb Code     0  libshutdown2.o(.ARM.Collect$$libshutdown$$0000000C)
    __rt_entry                               0x0000031d   Thumb Code     0  __rtentry.o(.ARM.Collect$$rtentry$$00000000)
    __rt_entry_presh_1                       0x0000031d   Thumb Code     0  __rtentry2.o(.ARM.Collect$$rtentry$$00000002)
    __rt_entry_sh                            0x0000031d   Thumb Code     0  __rtentry4.o(.ARM.Collect$$rtentry$$00000004)
    __rt_entry_li                            0x00000323   Thumb Code     0  __rtentry2.o(.ARM.Collect$$rtentry$$0000000A)
    __rt_entry_postsh_1                      0x00000323   Thumb Code     0  __rtentry2.o(.ARM.Collect$$rtentry$$00000009)
    __rt_entry_main                          0x00000327   Thumb Code     0  __rtentry2.o(.ARM.Collect$$rtentry$$0000000D)
    __rt_entry_postli_1                      0x00000327   Thumb Code     0  __rtentry2.o(.ARM.Collect$$rtentry$$0000000C)
    __rt_exit                                0x0000032f   Thumb Code     0  rtexit.o(.ARM.Collect$$rtexit$$00000000)
    __rt_exit_ls                             0x00000331   Thumb Code     0  rtexit2.o(.ARM.Collect$$rtexit$$00000003)
    __rt_exit_prels_1                        0x00000331   Thumb Code     0  rtexit2.o(.ARM.Collect$$rtexit$$00000002)
    __rt_exit_exit                           0x00000335   Thumb Code     0  rtexit2.o(.ARM.Collect$$rtexit$$00000004)
    DisableInterrupts                        0x0000033d   Thumb Code     0  startup.o(.text)
    EnableInterrupts                         0x00000341   Thumb Code     0  startup.o(.text)
    StartCritical                            0x00000345   Thumb Code     0  startup.o(.text)
    EndCritical                              0x0000034d   Thumb Code     0  startup.o(.text)
    WaitForInterrupt                         0x00000353   Thumb Code     0  startup.o(.text)
    __user_initial_stackheap                 0x00000357   Thumb Code     0  startup.o(.text)
    __2sprintf                               0x0000036d   Thumb Code    34  noretval__2sprintf.o(.text)
    _printf_pre_padding                      0x00000395   Thumb Code    44  _printf_pad.o(.text)
    _printf_post_padding                     0x000003c1   Thumb Code    34  _printf_pad.o(.text)
    _printf_str                              0x000003e3   Thumb Code    82  _printf_str.o(.text)
    _printf_int_dec                          0x00000435   Thumb Code   104  _printf_dec.o(.text)
    _printf_int_hex                          0x000004ad   Thumb Code    84  _printf_hex_int.o(.text)
    _printf_longlong_hex                     0x000004ad   Thumb Code     0  _printf_hex_int.o(.text)
    __printf                                 0x00000505   Thumb Code   308  __printf_flags_wp.o(.text)
    strcpy                                   0x0000063d   Thumb Code    72  strcpy.o(.text)
    __aeabi_memcpy                           0x00000685   Thumb Code     0  rt_memcpy_v6.o(.text)
    __rt_memcpy                              0x00000685   Thumb Code   138  rt_memcpy_v6.o(.text)
    _memcpy_lastbytes                        0x000006eb   Thumb Code     0  rt_memcpy_v6.o(.text)
    __aeabi_memcpy4                          0x0000070f   Thumb Code     0  rt_memcpy_w.o(.text)
    __aeabi_memcpy8                          0x0000070f   Thumb Code     0  rt_memcpy_w.o(.text)
    __rt_memcpy_w                            0x0000070f   Thumb Code   100  rt_memcpy_w.o(.text)
    _memcpy_lastbytes_aligned                0x00000757   Thumb Code     0  rt_memcpy_w.o(.text)
    __use_two_region_memory                  0x00000773   Thumb Code     2  heapauxi.o(.text)
    __rt_heap_escrow$2region                 0x00000775   Thumb Code     2  heapauxi.o(.text)
    __rt_heap_expand$2region                 0x00000777   Thumb Code     2  heapauxi.o(.text)
    _printf_int_common                       0x00000779   Thumb Code   178  _printf_intcommon.o(.text)
    _printf_char_common                      0x00000837   Thumb Code    32  _printf_char_common.o(.text)
    _sputc                                   0x0000085d   Thumb Code    10  _sputc.o(.text)
    _printf_cs_common                        0x00000867   Thumb Code    20  _printf_char.o(.text)
    _printf_char                             0x0000087b   Thumb Code    16  _printf_char.o(.text)
    _printf_string                           0x0000088b   Thumb Code     8  _printf_char.o(.text)
    __user_setup_stackheap                   0x00000893   Thumb Code    74  sys_stackheap_outer.o(.text)
    exit                                     0x000008dd   Thumb Code    18  exit.o(.text)
    __user_libspace                          0x000008f1   Thumb Code     8  libspace.o(.text)
    __user_perproc_libspace                  0x000008f1   Thumb Code     0  libspace.o(.text)
    __user_perthread_libspace                0x000008f1   Thumb Code     0  libspace.o(.text)
    _sys_exit                                0x000008f9   Thumb Code     8  sys_exit.o(.text)
    __I$use$semihosting                      0x00000905   Thumb Code     0  use_no_semi.o(.text)
    __use_no_semihosting_swi                 0x00000905   Thumb Code     2  use_no_semi.o(.text)
    __semihosting_library_function           0x00000907   Thumb Code     0  indicate_semi.o(.text)
    BLEHandler_Init                          0x00000909   Thumb Code    38  blehandler.o(i.BLEHandler_Init)
    BLEHandler_Main_Loop                     0x00000971   Thumb Code    28  blehandler.o(i.BLEHandler_Main_Loop)
    Delay1ms                                 0x0000098d   Thumb Code    32  st7735.o(i.Delay1ms)
    DisplaySend_String                       0x000009ad   Thumb Code    16  display.o(i.DisplaySend_String)
    Display_Init                             0x000009bd   Thumb Code    40  display.o(i.Display_Init)
    GPIOPortF_Handler                        0x00000a35   Thumb Code    46  switch.o(i.GPIOPortF_Handler)
    Output_Init                              0x00000a71   Thumb Code    16  st7735.o(i.Output_Init)
    PLL_Init                                 0x00000a81   Thumb Code   120  pll.o(i.PLL_Init)
    RxFifo_Get                               0x00000afd   Thumb Code    44  uart1int.o(i.RxFifo_Get)
    RxFifo_Init                              0x00000b35   Thumb Code    16  uart1int.o(i.RxFifo_Init)
    RxFifo_Put                               0x00000b51   Thumb Code    56  uart1int.o(i.RxFifo_Put)
    ST7735_DrawCharS                         0x00000b99   Thumb Code   236  st7735.o(i.ST7735_DrawCharS)
    ST7735_DrawPixel                         0x00000c91   Thumb Code    68  st7735.o(i.ST7735_DrawPixel)
    ST7735_DrawString                        0x00000cdd   Thumb Code    86  st7735.o(i.ST7735_DrawString)
    ST7735_FillRect                          0x00000d35   Thumb Code   168  st7735.o(i.ST7735_FillRect)
    ST7735_FillScreen                        0x00000de5   Thumb Code    28  st7735.o(i.ST7735_FillScreen)
    ST7735_InitR                             0x00000e09   Thumb Code    90  st7735.o(i.ST7735_InitR)
    ST7735_OutChar                           0x00000e85   Thumb Code   178  st7735.o(i.ST7735_OutChar)
    ST7735_OutString                         0x00000f5d   Thumb Code    24  st7735.o(i.ST7735_OutString)
    ST7735_SetCursor                         0x00000f75   Thumb Code    22  st7735.o(i.ST7735_SetCursor)
    ST7735_SetTextColor                      0x00000f95   Thumb Code     6  st7735.o(i.ST7735_SetTextColor)
    Timer0A_Handler                          0x00000fa1   Thumb Code    14  switch.o(i.Timer0A_Handler)
    UART1_Handler                            0x00001001   Thumb Code    44  uart1int.o(i.UART1_Handler)
    UART1_InChar                             0x00001031   Thumb Code    20  uart1int.o(i.UART1_InChar)
    UART1_InStatus                           0x00001045   Thumb Code    14  uart1int.o(i.UART1_InStatus)
    UART1_Init                               0x0000105d   Thumb Code   262  uart1int.o(i.UART1_Init)
    UART1_OutChar                            0x00001185   Thumb Code    20  uart1int.o(i.UART1_OutChar)
    _is_digit                                0x0000119d   Thumb Code    14  __printf_wp.o(i._is_digit)
    main                                     0x000013fd   Thumb Code    30  main.o(i.main)
    sl_bt_advertiser_create_set              0x0000153d   Thumb Code    28  sl_bt_ncp_host_api.o(i.sl_bt_advertiser_create_set)
    sl_bt_advertiser_set_data                0x00001565   Thumb Code    70  sl_bt_ncp_host_api.o(i.sl_bt_advertiser_set_data)
    sl_bt_advertiser_set_timing              0x000015b9   Thumb Code    62  sl_bt_ncp_host_api.o(i.sl_bt_advertiser_set_timing)
    sl_bt_advertiser_start                   0x00001605   Thumb Code    42  sl_bt_ncp_host_api.o(i.sl_bt_advertiser_start)
    sl_bt_get_event                          0x0000163d   Thumb Code   114  sl_bt_ncp_host.o(i.sl_bt_get_event)
    sl_bt_host_handle_command                0x000016c1   Thumb Code    44  sl_bt_ncp_host.o(i.sl_bt_host_handle_command)
    sl_bt_pop_event                          0x00001a09   Thumb Code    14  sl_bt_ncp_host.o(i.sl_bt_pop_event)
    sl_bt_scanner_start                      0x00001a19   Thumb Code    34  sl_bt_ncp_host_api.o(i.sl_bt_scanner_start)
    sl_bt_system_get_identity_address        0x00001a49   Thumb Code    44  sl_bt_ncp_host_api.o(i.sl_bt_system_get_identity_address)
    sl_bt_system_hello                       0x00001a81   Thumb Code    22  sl_bt_ncp_host_api.o(i.sl_bt_system_hello)
    sl_bt_wait_message                       0x00001aa5   Thumb Code   234  sl_bt_ncp_host.o(i.sl_bt_wait_message)
    sl_bt_wait_response                      0x00001ba5   Thumb Code    22  sl_bt_ncp_host.o(i.sl_bt_wait_response)
    smallCircle                              0x000022b6   Data          36  st7735.o(.constdata)
    circle                                   0x000022da   Data          60  st7735.o(.constdata)
    dBfs                                     0x00002316   Data         512  st7735.o(.constdata)
    Region$$Table$$Base                      0x00002550   Number         0  anon$$obj.o(Region$$Table)
    Region$$Table$$Limit                     0x00002570   Number         0  anon$$obj.o(Region$$Table)
    SW1_Event                                0x20000000   Data           4  switch.o(.data)
    SW2_Event                                0x20000004   Data           4  switch.o(.data)
    sl_bt_cmd_msg                            0x20000008   Data           4  blehandler.o(.data)
    sl_bt_rsp_msg                            0x2000000c   Data           4  blehandler.o(.data)
    sl_bt_api_output                         0x20000010   Data           4  blehandler.o(.data)
    sl_bt_api_input                          0x20000014   Data           4  blehandler.o(.data)
    sl_bt_api_peek                           0x20000018   Data           4  blehandler.o(.data)
    sl_bt_queue_w                            0x2000001c   Data           4  blehandler.o(.data)
    sl_bt_queue_r                            0x20000020   Data           4  blehandler.o(.data)
    CurContactIdx                            0x20000024   Data           2  blehandler.o(.data)
    RxPutI                                   0x20000030   Data           4  uart1int.o(.data)
    RxGetI                                   0x20000034   Data           4  uart1int.o(.data)
    RxFifoLost                               0x20000038   Data           4  uart1int.o(.data)
    StX                                      0x2000003c   Data           4  st7735.o(.data)
    StY                                      0x20000040   Data           4  st7735.o(.data)
    StTextColor                              0x20000044   Data           2  st7735.o(.data)
    Messageindex                             0x20000050   Data           4  st7735.o(.data)
    Ymax                                     0x20000054   Data           4  st7735.o(.data)
    Ymin                                     0x20000058   Data           4  st7735.o(.data)
    X                                        0x2000005c   Data           4  st7735.o(.data)
    Yrange                                   0x20000060   Data           4  st7735.o(.data)
    lastj                                    0x20000064   Data           4  st7735.o(.data)
    _sl_bt_cmd_msg                           0x20000068   Data         260  blehandler.o(.bss)
    _sl_bt_rsp_msg                           0x2000016c   Data         260  blehandler.o(.bss)
    sl_bt_queue                              0x20000270   Data        7800  blehandler.o(.bss)
    Contacts                                 0x200020fa   Data        8192  blehandler.o(.bss)
    RxFIFO                                   0x2000415e   Data         256  uart1int.o(.bss)
    __libspace_start                         0x20004260   Data          96  libspace.o(.bss)
    __temporary_stack_top$libspace           0x200042c0   Data           0  libspace.o(.bss)



==============================================================================

Memory Map of the image

  Image Entry point : 0x0000026d

  Load Region LR_1 (Base: 0x00000000, Size: 0x000025d8, Max: 0xffffffff, ABSOLUTE)

    Execution Region ER_RO (Exec base: 0x00000000, Load base: 0x00000000, Size: 0x00002570, Max: 0xffffffff, ABSOLUTE)

    Exec Addr    Load Addr    Size         Type   Attr      Idx    E Section Name        Object

    0x00000000   0x00000000   0x00000284   Code   RO            3  * RESET               startup.o
    0x00000284   0x00000284   0x00000008   Code   RO         1717  * !!!main             c_w.l(__main.o)
    0x0000028c   0x0000028c   0x00000034   Code   RO         1885    !!!scatter          c_w.l(__scatter.o)
    0x000002c0   0x000002c0   0x0000001a   Code   RO         1887    !!handler_copy      c_w.l(__scatter_copy.o)
    0x000002da   0x000002da   0x00000002   PAD
    0x000002dc   0x000002dc   0x0000001c   Code   RO         1889    !!handler_zi        c_w.l(__scatter_zi.o)
    0x000002f8   0x000002f8   0x00000000   Code   RO         1706    .ARM.Collect$$_printf_percent$$00000000  c_w.l(_printf_percent.o)
    0x000002f8   0x000002f8   0x00000006   Code   RO         1705    .ARM.Collect$$_printf_percent$$00000009  c_w.l(_printf_d.o)
    0x000002fe   0x000002fe   0x00000006   Code   RO         1704    .ARM.Collect$$_printf_percent$$0000000C  c_w.l(_printf_x.o)
    0x00000304   0x00000304   0x00000006   Code   RO         1702    .ARM.Collect$$_printf_percent$$00000013  c_w.l(_printf_c.o)
    0x0000030a   0x0000030a   0x00000006   Code   RO         1703    .ARM.Collect$$_printf_percent$$00000014  c_w.l(_printf_s.o)
    0x00000310   0x00000310   0x00000004   Code   RO         1728    .ARM.Collect$$_printf_percent$$00000017  c_w.l(_printf_percent_end.o)
    0x00000314   0x00000314   0x00000002   Code   RO         1755    .ARM.Collect$$libinit$$00000000  c_w.l(libinit.o)
    0x00000316   0x00000316   0x00000000   Code   RO         1762    .ARM.Collect$$libinit$$00000002  c_w.l(libinit2.o)
    0x00000316   0x00000316   0x00000000   Code   RO         1764    .ARM.Collect$$libinit$$00000004  c_w.l(libinit2.o)
    0x00000316   0x00000316   0x00000000   Code   RO         1767    .ARM.Collect$$libinit$$0000000A  c_w.l(libinit2.o)
    0x00000316   0x00000316   0x00000000   Code   RO         1769    .ARM.Collect$$libinit$$0000000C  c_w.l(libinit2.o)
    0x00000316   0x00000316   0x00000000   Code   RO         1771    .ARM.Collect$$libinit$$0000000E  c_w.l(libinit2.o)
    0x00000316   0x00000316   0x00000000   Code   RO         1774    .ARM.Collect$$libinit$$00000011  c_w.l(libinit2.o)
    0x00000316   0x00000316   0x00000000   Code   RO         1776    .ARM.Collect$$libinit$$00000013  c_w.l(libinit2.o)
    0x00000316   0x00000316   0x00000000   Code   RO         1778    .ARM.Collect$$libinit$$00000015  c_w.l(libinit2.o)
    0x00000316   0x00000316   0x00000000   Code   RO         1780    .ARM.Collect$$libinit$$00000017  c_w.l(libinit2.o)
    0x00000316   0x00000316   0x00000000   Code   RO         1782    .ARM.Collect$$libinit$$00000019  c_w.l(libinit2.o)
    0x00000316   0x00000316   0x00000000   Code   RO         1784    .ARM.Collect$$libinit$$0000001B  c_w.l(libinit2.o)
    0x00000316   0x00000316   0x00000000   Code   RO         1786    .ARM.Collect$$libinit$$0000001D  c_w.l(libinit2.o)
    0x00000316   0x00000316   0x00000000   Code   RO         1788    .ARM.Collect$$libinit$$0000001F  c_w.l(libinit2.o)
    0x00000316   0x00000316   0x00000000   Code   RO         1790    .ARM.Collect$$libinit$$00000021  c_w.l(libinit2.o)
    0x00000316   0x00000316   0x00000000   Code   RO         1792    .ARM.Collect$$libinit$$00000023  c_w.l(libinit2.o)
    0x00000316   0x00000316   0x00000000   Code   RO         1794    .ARM.Collect$$libinit$$00000025  c_w.l(libinit2.o)
    0x00000316   0x00000316   0x00000000   Code   RO         1798    .ARM.Collect$$libinit$$0000002C  c_w.l(libinit2.o)
    0x00000316   0x00000316   0x00000000   Code   RO         1800    .ARM.Collect$$libinit$$0000002E  c_w.l(libinit2.o)
    0x00000316   0x00000316   0x00000000   Code   RO         1802    .ARM.Collect$$libinit$$00000030  c_w.l(libinit2.o)
    0x00000316   0x00000316   0x00000000   Code   RO         1804    .ARM.Collect$$libinit$$00000032  c_w.l(libinit2.o)
    0x00000316   0x00000316   0x00000002   Code   RO         1805    .ARM.Collect$$libinit$$00000033  c_w.l(libinit2.o)
    0x00000318   0x00000318   0x00000002   Code   RO         1825    .ARM.Collect$$libshutdown$$00000000  c_w.l(libshutdown.o)
    0x0000031a   0x0000031a   0x00000000   Code   RO         1838    .ARM.Collect$$libshutdown$$00000002  c_w.l(libshutdown2.o)
    0x0000031a   0x0000031a   0x00000000   Code   RO         1840    .ARM.Collect$$libshutdown$$00000004  c_w.l(libshutdown2.o)
    0x0000031a   0x0000031a   0x00000000   Code   RO         1843    .ARM.Collect$$libshutdown$$00000007  c_w.l(libshutdown2.o)
    0x0000031a   0x0000031a   0x00000000   Code   RO         1846    .ARM.Collect$$libshutdown$$0000000A  c_w.l(libshutdown2.o)
    0x0000031a   0x0000031a   0x00000000   Code   RO         1848    .ARM.Collect$$libshutdown$$0000000C  c_w.l(libshutdown2.o)
    0x0000031a   0x0000031a   0x00000000   Code   RO         1851    .ARM.Collect$$libshutdown$$0000000F  c_w.l(libshutdown2.o)
    0x0000031a   0x0000031a   0x00000002   Code   RO         1852    .ARM.Collect$$libshutdown$$00000010  c_w.l(libshutdown2.o)
    0x0000031c   0x0000031c   0x00000000   Code   RO         1719    .ARM.Collect$$rtentry$$00000000  c_w.l(__rtentry.o)
    0x0000031c   0x0000031c   0x00000000   Code   RO         1730    .ARM.Collect$$rtentry$$00000002  c_w.l(__rtentry2.o)
    0x0000031c   0x0000031c   0x00000006   Code   RO         1742    .ARM.Collect$$rtentry$$00000004  c_w.l(__rtentry4.o)
    0x00000322   0x00000322   0x00000000   Code   RO         1732    .ARM.Collect$$rtentry$$00000009  c_w.l(__rtentry2.o)
    0x00000322   0x00000322   0x00000004   Code   RO         1733    .ARM.Collect$$rtentry$$0000000A  c_w.l(__rtentry2.o)
    0x00000326   0x00000326   0x00000000   Code   RO         1735    .ARM.Collect$$rtentry$$0000000C  c_w.l(__rtentry2.o)
    0x00000326   0x00000326   0x00000008   Code   RO         1736    .ARM.Collect$$rtentry$$0000000D  c_w.l(__rtentry2.o)
    0x0000032e   0x0000032e   0x00000002   Code   RO         1759    .ARM.Collect$$rtexit$$00000000  c_w.l(rtexit.o)
    0x00000330   0x00000330   0x00000000   Code   RO         1807    .ARM.Collect$$rtexit$$00000002  c_w.l(rtexit2.o)
    0x00000330   0x00000330   0x00000004   Code   RO         1808    .ARM.Collect$$rtexit$$00000003  c_w.l(rtexit2.o)
    0x00000334   0x00000334   0x00000006   Code   RO         1809    .ARM.Collect$$rtexit$$00000004  c_w.l(rtexit2.o)
    0x0000033a   0x0000033a   0x00000002   PAD
    0x0000033c   0x0000033c   0x00000030   Code   RO            4    .text               startup.o
    0x0000036c   0x0000036c   0x00000028   Code   RO         1651    .text               c_w.l(noretval__2sprintf.o)
    0x00000394   0x00000394   0x0000004e   Code   RO         1655    .text               c_w.l(_printf_pad.o)
    0x000003e2   0x000003e2   0x00000052   Code   RO         1657    .text               c_w.l(_printf_str.o)
    0x00000434   0x00000434   0x00000078   Code   RO         1659    .text               c_w.l(_printf_dec.o)
    0x000004ac   0x000004ac   0x00000058   Code   RO         1664    .text               c_w.l(_printf_hex_int.o)
    0x00000504   0x00000504   0x00000138   Code   RO         1694    .text               c_w.l(__printf_flags_wp.o)
    0x0000063c   0x0000063c   0x00000048   Code   RO         1707    .text               c_w.l(strcpy.o)
    0x00000684   0x00000684   0x0000008a   Code   RO         1709    .text               c_w.l(rt_memcpy_v6.o)
    0x0000070e   0x0000070e   0x00000064   Code   RO         1711    .text               c_w.l(rt_memcpy_w.o)
    0x00000772   0x00000772   0x00000006   Code   RO         1715    .text               c_w.l(heapauxi.o)
    0x00000778   0x00000778   0x000000b2   Code   RO         1720    .text               c_w.l(_printf_intcommon.o)
    0x0000082a   0x0000082a   0x00000002   PAD
    0x0000082c   0x0000082c   0x00000030   Code   RO         1722    .text               c_w.l(_printf_char_common.o)
    0x0000085c   0x0000085c   0x0000000a   Code   RO         1724    .text               c_w.l(_sputc.o)
    0x00000866   0x00000866   0x0000002c   Code   RO         1726    .text               c_w.l(_printf_char.o)
    0x00000892   0x00000892   0x0000004a   Code   RO         1746    .text               c_w.l(sys_stackheap_outer.o)
    0x000008dc   0x000008dc   0x00000012   Code   RO         1748    .text               c_w.l(exit.o)
    0x000008ee   0x000008ee   0x00000002   PAD
    0x000008f0   0x000008f0   0x00000008   Code   RO         1756    .text               c_w.l(libspace.o)
    0x000008f8   0x000008f8   0x0000000c   Code   RO         1817    .text               c_w.l(sys_exit.o)
    0x00000904   0x00000904   0x00000002   Code   RO         1828    .text               c_w.l(use_no_semi.o)
    0x00000906   0x00000906   0x00000000   Code   RO         1830    .text               c_w.l(indicate_semi.o)
    0x00000906   0x00000906   0x00000002   PAD
    0x00000908   0x00000908   0x00000068   Code   RO          138    i.BLEHandler_Init   blehandler.o
    0x00000970   0x00000970   0x0000001c   Code   RO          139    i.BLEHandler_Main_Loop  blehandler.o
    0x0000098c   0x0000098c   0x00000020   Code   RO          349    i.Delay1ms          st7735.o
    0x000009ac   0x000009ac   0x00000010   Code   RO          232    i.DisplaySend_String  display.o
    0x000009bc   0x000009bc   0x0000003c   Code   RO          233    i.Display_Init      display.o
    0x000009f8   0x000009f8   0x0000003c   Code   RO           98    i.GPIOArm           switch.o
    0x00000a34   0x00000a34   0x0000003c   Code   RO           99    i.GPIOPortF_Handler  switch.o
    0x00000a70   0x00000a70   0x00000010   Code   RO          352    i.Output_Init       st7735.o
    0x00000a80   0x00000a80   0x0000007c   Code   RO           12    i.PLL_Init          pll.o
    0x00000afc   0x00000afc   0x00000038   Code   RO          262    i.RxFifo_Get        uart1int.o
    0x00000b34   0x00000b34   0x0000001c   Code   RO          263    i.RxFifo_Init       uart1int.o
    0x00000b50   0x00000b50   0x00000048   Code   RO          264    i.RxFifo_Put        uart1int.o
    0x00000b98   0x00000b98   0x000000f8   Code   RO          358    i.ST7735_DrawCharS  st7735.o
    0x00000c90   0x00000c90   0x0000004c   Code   RO          362    i.ST7735_DrawPixel  st7735.o
    0x00000cdc   0x00000cdc   0x00000056   Code   RO          364    i.ST7735_DrawString  st7735.o
    0x00000d32   0x00000d32   0x00000002   PAD
    0x00000d34   0x00000d34   0x000000b0   Code   RO          365    i.ST7735_FillRect   st7735.o
    0x00000de4   0x00000de4   0x00000024   Code   RO          366    i.ST7735_FillScreen  st7735.o
    0x00000e08   0x00000e08   0x0000007c   Code   RO          368    i.ST7735_InitR      st7735.o
    0x00000e84   0x00000e84   0x000000d8   Code   RO          371    i.ST7735_OutChar    st7735.o
    0x00000f5c   0x00000f5c   0x00000018   Code   RO          372    i.ST7735_OutString  st7735.o
    0x00000f74   0x00000f74   0x00000020   Code   RO          384    i.ST7735_SetCursor  st7735.o
    0x00000f94   0x00000f94   0x0000000c   Code   RO          386    i.ST7735_SetTextColor  st7735.o
    0x00000fa0   0x00000fa0   0x00000014   Code   RO          101    i.Timer0A_Handler   switch.o
    0x00000fb4   0x00000fb4   0x0000004c   Code   RO          102    i.Timer0Arm         switch.o
    0x00001000   0x00001000   0x00000030   Code   RO          266    i.UART1_Handler     uart1int.o
    0x00001030   0x00001030   0x00000014   Code   RO          267    i.UART1_InChar      uart1int.o
    0x00001044   0x00001044   0x00000018   Code   RO          268    i.UART1_InStatus    uart1int.o
    0x0000105c   0x0000105c   0x00000128   Code   RO          269    i.UART1_Init        uart1int.o
    0x00001184   0x00001184   0x00000018   Code   RO          270    i.UART1_OutChar     uart1int.o
    0x0000119c   0x0000119c   0x0000000e   Code   RO         1692    i._is_digit         c_w.l(__printf_wp.o)
    0x000011aa   0x000011aa   0x00000002   PAD
    0x000011ac   0x000011ac   0x0000002c   Code   RO          141    i.addContact        blehandler.o
    0x000011d8   0x000011d8   0x00000056   Code   RO          393    i.commandList       st7735.o
    0x0000122e   0x0000122e   0x00000002   PAD
    0x00001230   0x00001230   0x00000188   Code   RO          394    i.commonInit        st7735.o
    0x000013b8   0x000013b8   0x00000028   Code   RO          273    i.copyHardwareToSoftware  uart1int.o
    0x000013e0   0x000013e0   0x0000001c   Code   RO          395    i.deselect          st7735.o
    0x000013fc   0x000013fc   0x0000001e   Code   RO           35    i.main              main.o
    0x0000141a   0x0000141a   0x00000002   PAD
    0x0000141c   0x0000141c   0x0000003c   Code   RO          234    i.moveCursor        display.o
    0x00001458   0x00001458   0x0000005c   Code   RO          143    i.parseData         blehandler.o
    0x000014b4   0x000014b4   0x00000012   Code   RO          404    i.pushColor         st7735.o
    0x000014c6   0x000014c6   0x00000002   PAD
    0x000014c8   0x000014c8   0x00000074   Code   RO          405    i.setAddrWindow     st7735.o
    0x0000153c   0x0000153c   0x00000028   Code   RO          787    i.sl_bt_advertiser_create_set  sl_bt_ncp_host_api.o
    0x00001564   0x00001564   0x00000054   Code   RO          791    i.sl_bt_advertiser_set_data  sl_bt_ncp_host_api.o
    0x000015b8   0x000015b8   0x0000004c   Code   RO          796    i.sl_bt_advertiser_set_timing  sl_bt_ncp_host_api.o
    0x00001604   0x00001604   0x00000038   Code   RO          798    i.sl_bt_advertiser_start  sl_bt_ncp_host_api.o
    0x0000163c   0x0000163c   0x00000084   Code   RO          718    i.sl_bt_get_event   sl_bt_ncp_host.o
    0x000016c0   0x000016c0   0x00000034   Code   RO          719    i.sl_bt_host_handle_command  sl_bt_ncp_host.o
    0x000016f4   0x000016f4   0x00000314   Code   RO          145    i.sl_bt_on_event    blehandler.o
    0x00001a08   0x00001a08   0x0000000e   Code   RO          721    i.sl_bt_pop_event   sl_bt_ncp_host.o
    0x00001a16   0x00001a16   0x00000002   PAD
    0x00001a18   0x00001a18   0x00000030   Code   RO          888    i.sl_bt_scanner_start  sl_bt_ncp_host_api.o
    0x00001a48   0x00001a48   0x00000038   Code   RO          913    i.sl_bt_system_get_identity_address  sl_bt_ncp_host_api.o
    0x00001a80   0x00001a80   0x00000024   Code   RO          916    i.sl_bt_system_hello  sl_bt_ncp_host_api.o
    0x00001aa4   0x00001aa4   0x00000100   Code   RO          723    i.sl_bt_wait_message  sl_bt_ncp_host.o
    0x00001ba4   0x00001ba4   0x00000016   Code   RO          724    i.sl_bt_wait_response  sl_bt_ncp_host.o
    0x00001bba   0x00001bba   0x00000022   Code   RO          146    i.uartRx            blehandler.o
    0x00001bdc   0x00001bdc   0x00000008   Code   RO          147    i.uartRxPeek        blehandler.o
    0x00001be4   0x00001be4   0x0000001a   Code   RO          148    i.uart_tx_wrapper   blehandler.o
    0x00001bfe   0x00001bfe   0x00000058   Code   RO          149    i.validBLE          blehandler.o
    0x00001c56   0x00001c56   0x00000002   PAD
    0x00001c58   0x00001c58   0x00000038   Code   RO          406    i.writecommand      st7735.o
    0x00001c90   0x00001c90   0x00000024   Code   RO          407    i.writedata         st7735.o
    0x00001cb4   0x00001cb4   0x00000020   Data   RO          151    .constdata          blehandler.o
    0x00001cd4   0x00001cd4   0x00000842   Data   RO          409    .constdata          st7735.o
    0x00002516   0x00002516   0x00000028   Data   RO         1665    .constdata          c_w.l(_printf_hex_int.o)
    0x0000253e   0x0000253e   0x00000011   Data   RO         1695    .constdata          c_w.l(__printf_flags_wp.o)
    0x0000254f   0x0000254f   0x00000001   PAD
    0x00002550   0x00002550   0x00000020   Data   RO         1883    Region$$Table       anon$$obj.o


    Execution Region ER_RW (Exec base: 0x20000000, Load base: 0x00002570, Size: 0x00000068, Max: 0xffffffff, ABSOLUTE)

    Exec Addr    Load Addr    Size         Type   Attr      Idx    E Section Name        Object

    0x20000000   0x00002570   0x00000008   Data   RW          103    .data               switch.o
    0x20000008   0x00002578   0x0000001f   Data   RW          152    .data               blehandler.o
    0x20000027   0x00002597   0x00000001   PAD
    0x20000028   0x00002598   0x00000008   Data   RW          235    .data               display.o
    0x20000030   0x000025a0   0x0000000c   Data   RW          275    .data               uart1int.o
    0x2000003c   0x000025ac   0x0000002c   Data   RW          410    .data               st7735.o


    Execution Region ER_ZI (Exec base: 0x20000068, Load base: 0x000025d8, Size: 0x00004658, Max: 0xffffffff, ABSOLUTE)

    Exec Addr    Load Addr    Size         Type   Attr      Idx    E Section Name        Object

    0x20000068        -       0x000040f6   Zero   RW          150    .bss                blehandler.o
    0x2000415e        -       0x00000100   Zero   RW          274    .bss                uart1int.o
    0x2000425e   0x000025d8   0x00000002   PAD
    0x20004260        -       0x00000060   Zero   RW         1757    .bss                c_w.l(libspace.o)
    0x200042c0        -       0x00000000   Zero   RW            2    HEAP                startup.o
    0x200042c0        -       0x00000400   Zero   RW            1    STACK               startup.o


==============================================================================

Image component sizes


      Code (inc. data)   RO Data    RW Data    ZI Data      Debug   Object Name

      1212        508         32         31      16630       6280   blehandler.o
       136         28          0          8          0       1440   display.o
        30          0          0          0          0      49483   main.o
       124          4          0          0          0       4959   pll.o
       476         48          0          0          0      51897   sl_bt_ncp_host.o
       396         94          0          0          0      48646   sl_bt_ncp_host_api.o
      1810        208       2114         44          0      14713   st7735.o
       692        632          0          0       1024        956   startup.o
       216         50          0          8          0       2216   switch.o
       608         96          0         12        256       5523   uart1int.o

    ----------------------------------------------------------------------
      5712       1668       2178        104      17912     186113   Object Totals
         0          0         32          0          0          0   (incl. Generated)
        12          0          0          1          2          0   (incl. Padding)

    ----------------------------------------------------------------------

      Code (inc. data)   RO Data    RW Data    ZI Data      Debug   Library Member Name

         8          0          0          0          0         68   __main.o
       312          4         17          0          0         92   __printf_flags_wp.o
        14          0          0          0          0         68   __printf_wp.o
         0          0          0          0          0          0   __rtentry.o
        12          0          0          0          0          0   __rtentry2.o
         6          0          0          0          0          0   __rtentry4.o
        52          8          0          0          0          0   __scatter.o
        26          0          0          0          0          0   __scatter_copy.o
        28          0          0          0          0          0   __scatter_zi.o
         6          0          0          0          0          0   _printf_c.o
        44          0          0          0          0        108   _printf_char.o
        48          6          0          0          0         96   _printf_char_common.o
         6          0          0          0          0          0   _printf_d.o
       120         16          0          0          0         92   _printf_dec.o
        88          4         40          0          0         88   _printf_hex_int.o
       178          0          0          0          0         88   _printf_intcommon.o
        78          0          0          0          0        108   _printf_pad.o
         0          0          0          0          0          0   _printf_percent.o
         4          0          0          0          0          0   _printf_percent_end.o
         6          0          0          0          0          0   _printf_s.o
        82          0          0          0          0         80   _printf_str.o
         6          0          0          0          0          0   _printf_x.o
        10          0          0          0          0         68   _sputc.o
        18          0          0          0          0         80   exit.o
         6          0          0          0          0        152   heapauxi.o
         0          0          0          0          0          0   indicate_semi.o
         2          0          0          0          0          0   libinit.o
         2          0          0          0          0          0   libinit2.o
         2          0          0          0          0          0   libshutdown.o
         2          0          0          0          0          0   libshutdown2.o
         8          4          0          0         96         68   libspace.o
        40          6          0          0          0         84   noretval__2sprintf.o
       138          0          0          0          0         68   rt_memcpy_v6.o
       100          0          0          0          0         80   rt_memcpy_w.o
         2          0          0          0          0          0   rtexit.o
        10          0          0          0          0          0   rtexit2.o
        72          0          0          0          0         80   strcpy.o
        12          4          0          0          0         68   sys_exit.o
        74          0          0          0          0         80   sys_stackheap_outer.o
         2          0          0          0          0         68   use_no_semi.o

    ----------------------------------------------------------------------
      1636         52         58          0         96       1784   Library Totals
        12          0          1          0          0          0   (incl. Padding)

    ----------------------------------------------------------------------

      Code (inc. data)   RO Data    RW Data    ZI Data      Debug   Library Name

      1624         52         57          0         96       1784   c_w.l

    ----------------------------------------------------------------------
      1636         52         58          0         96       1784   Library Totals

    ----------------------------------------------------------------------

==============================================================================


      Code (inc. data)   RO Data    RW Data    ZI Data      Debug   

      7348       1720       2236        104      18008     184201   Grand Totals
      7348       1720       2236        104      18008     184201   ELF Image Totals
      7348       1720       2236        104          0          0   ROM Totals

==============================================================================

    Total RO  Size (Code + RO Data)                 9584 (   9.36kB)
    Total RW  Size (RW Data + ZI Data)             18112 (  17.69kB)
    Total ROM Size (Code + RO Data + RW Data)       9688 (   9.46kB)

==============================================================================

